{
  "errors": {},
  "python": "/scratch/rsadve1/venvs/grand5g/bin/python",
  "status": {
    "LDPC5GEncoder_ok": true,
    "TDL_ok": true,
    "numba_ok": true,
    "numpy_ok": true,
    "scipy_ok": true,
    "sionna_ok": true
  }
}
[SBATCH CONFIG] task=1 it=15 eval_snr=10.0,10.5,11.0,11.5,12.0 calib_snr=9.5,10.0,10.5,11.0
[SBATCH CONFIG] channel=SIONNA_TDL tdl=C delay=3.0e-7 speed=[5.0,20.0] cfo=80.0 csi=nr_imperfect
[SBATCH CONFIG] pools info/punc/txp=16/10/12 beam1/2=20/12 depth1/2=6/3 max_patterns=2048
[RUN] code=sionna5g_k1024_n2048_qm1 it=15 eval_snr=[10.0, 10.5, 11.0, 11.5, 12.0]
[RUN] calib={'calib_total_frames': 4979, 'calib_failed_frames': 256, 'model_ready': True, 'model_path': 'results/run_hybrid_ldpc_grand_aipig_20260403_it15_31842083_1/aipig_student_it15.npz'}

=== AIPIG HYBRID EVAL ===
SNR (dB)                    : 10.00
Frames simulated            : 3615
LDPC FER / BER              : 4.232365e-02 / 6.837558e-03
Hybrid FER / BER            : 4.149378e-02 / 6.837558e-03
Avg stage-1 iters/frame     : 5.049
GRAND invocation rate       : 0.042324
GRAND rescue rate | invoked : 0.019608
Info rescue rate | invoked  : 0.000000
Parity-only rescue | invoked: 0.019608
Phase1 / Phase2 success     : 0.000000 / 0.019608
Pools info/punc/txp         : 14.41 / 8.22 / 11.22
Avg GRAND patterns/failure  : 1024.752
Avg phase1 / phase2 patterns: 842.523 / 182.229
Avg stage-1 decoder us      : 50980.565
Avg GRAND decoder us        : 2003.655
Avg total hybrid decoder us : 52984.220

=== AIPIG HYBRID EVAL ===
SNR (dB)                    : 10.50
Frames simulated            : 4310
LDPC FER / BER              : 3.526682e-02 / 5.340732e-03
Hybrid FER / BER            : 3.480278e-02 / 5.340732e-03
Avg stage-1 iters/frame     : 4.822
GRAND invocation rate       : 0.035267
GRAND rescue rate | invoked : 0.013158
Info rescue rate | invoked  : 0.000000
Parity-only rescue | invoked: 0.013158
Phase1 / Phase2 success     : 0.000000 / 0.013158
Pools info/punc/txp         : 13.92 / 7.80 / 11.03
Avg GRAND patterns/failure  : 990.322
Avg phase1 / phase2 patterns: 812.908 / 177.414
Avg stage-1 decoder us      : 8662.899
Avg GRAND decoder us        : 1594.637
Avg total hybrid decoder us : 10257.536

=== AIPIG HYBRID EVAL ===
SNR (dB)                    : 11.00
Frames simulated            : 6194
LDPC FER / BER              : 2.437843e-02 / 4.024812e-03
Hybrid FER / BER            : 2.421698e-02 / 4.024655e-03
Avg stage-1 iters/frame     : 4.575
GRAND invocation rate       : 0.024378
GRAND rescue rate | invoked : 0.006623
Info rescue rate | invoked  : 0.006623
Parity-only rescue | invoked: 0.000000
Phase1 / Phase2 success     : 0.006623 / 0.000000
Pools info/punc/txp         : 14.41 / 8.10 / 11.46
Avg GRAND patterns/failure  : 1040.033
Avg phase1 / phase2 patterns: 856.576 / 183.457
Avg stage-1 decoder us      : 33418.541
Avg GRAND decoder us        : 1141.944
Avg total hybrid decoder us : 34560.485

=== AIPIG HYBRID EVAL ===
SNR (dB)                    : 11.50
Frames simulated            : 8008
LDPC FER / BER              : 1.898102e-02 / 2.963345e-03
Hybrid FER / BER            : 1.873127e-02 / 2.963345e-03
Avg stage-1 iters/frame     : 4.459
GRAND invocation rate       : 0.018981
GRAND rescue rate | invoked : 0.013158
Info rescue rate | invoked  : 0.000000
Parity-only rescue | invoked: 0.013158
Phase1 / Phase2 success     : 0.000000 / 0.013158
Pools info/punc/txp         : 13.96 / 7.80 / 11.07
Avg GRAND patterns/failure  : 986.987
Avg phase1 / phase2 patterns: 810.737 / 176.250
Avg stage-1 decoder us      : 26686.839
Avg GRAND decoder us        : 854.889
Avg total hybrid decoder us : 27541.728

=== AIPIG HYBRID EVAL ===
SNR (dB)                    : 12.00
Frames simulated            : 10022
LDPC FER / BER              : 1.506685e-02 / 2.232686e-03
Hybrid FER / BER            : 1.496707e-02 / 2.232686e-03
Avg stage-1 iters/frame     : 4.270
GRAND invocation rate       : 0.015067
GRAND rescue rate | invoked : 0.006623
Info rescue rate | invoked  : 0.000000
Parity-only rescue | invoked: 0.006623
Phase1 / Phase2 success     : 0.000000 / 0.006623
Pools info/punc/txp         : 14.04 / 7.60 / 11.25
Avg GRAND patterns/failure  : 998.762
Avg phase1 / phase2 patterns: 821.755 / 177.007
Avg stage-1 decoder us      : 4640.344
Avg GRAND decoder us        : 672.965
Avg total hybrid decoder us : 5313.308
[SAVE] summary=results/run_hybrid_ldpc_grand_aipig_20260403_it15_31842083_1/aipig_it15_20260404-001153_summary.csv
[SAVE] raw=results/run_hybrid_ldpc_grand_aipig_20260403_it15_31842083_1/aipig_it15_20260404-001153_raw.pkl
[SAVE] config=results/run_hybrid_ldpc_grand_aipig_20260403_it15_31842083_1/aipig_it15_20260404-001153_config.json
[SAVE] model=results/run_hybrid_ldpc_grand_aipig_20260403_it15_31842083_1/aipig_student_it15.npz
