{
  "errors": {},
  "python": "/scratch/rsadve1/venvs/grand5g/bin/python",
  "status": {
    "LDPC5GEncoder_ok": true,
    "TDL_ok": true,
    "numba_ok": true,
    "numpy_ok": true,
    "scipy_ok": true,
    "sionna_ok": true
  }
}
[SBATCH CONFIG] task=2 it=25 eval_snr=8.5,9.0,9.5,10.0,10.5 calib_snr=8.0,8.5,9.0,9.5
[SBATCH CONFIG] channel=SIONNA_TDL tdl=C delay=2.0e-7 speed=[1.0,5.0] cfo=20.0 csi=nr_imperfect
[SBATCH CONFIG] pools info/punc/txp=24/16/12 blocks=8 beam=48 exact_pool=64 max_w=18 free_dim=18
[RUN] code=sionna5g_k1024_n2048_qm1 it=25 eval_snr=[8.5, 9.0, 9.5, 10.0, 10.5]
[RUN] calib={'calib_total_frames': 13867, 'calib_failed_frames': 512, 'calib_bit_rows': 2580436, 'calib_block_rows': 26556, 'bit_model_ready': True, 'block_model_ready': True, 'bit_model_path': 'results/run_hybrid_ldpc_grand_bcai_20260404_it25_32291546_2/bcai_bit_student_it25.npz', 'block_model_path': 'results/run_hybrid_ldpc_grand_bcai_20260404_it25_32291546_2/bcai_block_student_it25.npz'}

=== BCAI HYBRID EVAL ===
SNR (dB)                         : 8.50
Frames simulated                 : 4198
LDPC FER / BER                   : 2.906146e-02 / 5.410407e-03
Hybrid FER / BER                 : 2.858504e-02 / 5.410407e-03
Avg stage-1 iters/frame          : 5.128
Failed frame rate                : 0.029061
Fallback invoked | failed        : 1.000000
Avg invoke score | failed        : 1.000000
GRAND invocation rate            : 0.029061
GRAND rescue rate | invoked      : 0.016393
Info rescue rate | invoked       : 0.000000
Parity-only rescue | invoked     : 0.016393
Info / parity round success      : 0.000000 / 0.016393
Direct / prefix / global success : 0.000000 / 0.016393 / 0.000000
Pools info/punc/txp | invoked    : 11.98 / 32.41 / 1.03
Block patterns / prefixes        : 48.000 / 6.000
Selected blocks / top prob       : 0.049 / 0.961
Avg candidate pool | invoked     : 425.820
Avg solver candidates | invoked  : 49.000
Avg max free dim | invoked       : 0.000
Avg stage-1 decoder us           : 4665.944
Avg GRAND decoder us             : 25585.041
Avg total hybrid decoder us      : 30250.985

=== BCAI HYBRID EVAL ===
SNR (dB)                         : 9.00
Frames simulated                 : 7228
LDPC FER / BER                   : 1.715551e-02 / 3.008185e-03
Hybrid FER / BER                 : 1.660210e-02 / 3.008185e-03
Avg stage-1 iters/frame          : 4.656
Failed frame rate                : 0.017156
Fallback invoked | failed        : 1.000000
Avg invoke score | failed        : 1.000000
GRAND invocation rate            : 0.017156
GRAND rescue rate | invoked      : 0.032258
Info rescue rate | invoked       : 0.000000
Parity-only rescue | invoked     : 0.032258
Info / parity round success      : 0.008065 / 0.016129
Direct / prefix / global success : 0.016129 / 0.016129 / 0.000000
Pools info/punc/txp | invoked    : 12.47 / 31.23 / 1.34
Block patterns / prefixes        : 48.000 / 6.000
Selected blocks / top prob       : 0.048 / 0.956
Avg candidate pool | invoked     : 421.565
Avg solver candidates | invoked  : 48.984
Avg max free dim | invoked       : 0.000
Avg stage-1 decoder us           : 4942.903
Avg GRAND decoder us             : 5823.171
Avg total hybrid decoder us      : 10766.075

=== BCAI HYBRID EVAL ===
SNR (dB)                         : 9.50
Frames simulated                 : 8111
LDPC FER / BER                   : 1.516459e-02 / 2.909220e-03
Hybrid FER / BER                 : 1.479472e-02 / 2.909099e-03
Avg stage-1 iters/frame          : 4.426
Failed frame rate                : 0.015165
Fallback invoked | failed        : 1.000000
Avg invoke score | failed        : 1.000000
GRAND invocation rate            : 0.015165
GRAND rescue rate | invoked      : 0.024390
Info rescue rate | invoked       : 0.008130
Parity-only rescue | invoked     : 0.016260
Info / parity round success      : 0.008130 / 0.016260
Direct / prefix / global success : 0.000000 / 0.016260 / 0.008130
Pools info/punc/txp | invoked    : 12.02 / 33.50 / 0.81
Block patterns / prefixes        : 48.000 / 6.000
Selected blocks / top prob       : 0.049 / 0.966
Avg candidate pool | invoked     : 426.033
Avg solver candidates | invoked  : 49.008
Avg max free dim | invoked       : 0.000
Avg stage-1 decoder us           : 4391.316
Avg GRAND decoder us             : 14308.763
Avg total hybrid decoder us      : 18700.079

=== BCAI HYBRID EVAL ===
SNR (dB)                         : 10.00
Frames simulated                 : 13816
LDPC FER / BER                   : 8.685582e-03 / 1.659859e-03
Hybrid FER / BER                 : 8.685582e-03 / 1.659859e-03
Avg stage-1 iters/frame          : 4.118
Failed frame rate                : 0.008686
Fallback invoked | failed        : 1.000000
Avg invoke score | failed        : 1.000000
GRAND invocation rate            : 0.008686
GRAND rescue rate | invoked      : 0.008333
Info rescue rate | invoked       : 0.000000
Parity-only rescue | invoked     : 0.000000
Info / parity round success      : 0.000000 / 0.008333
Direct / prefix / global success : 0.000000 / 0.008333 / 0.000000
Pools info/punc/txp | invoked    : 12.28 / 33.67 / 0.89
Block patterns / prefixes        : 48.000 / 6.000
Selected blocks / top prob       : 0.008 / 0.967
Avg candidate pool | invoked     : 428.708
Avg solver candidates | invoked  : 49.000
Avg max free dim | invoked       : 0.000
Avg stage-1 decoder us           : 4904.793
Avg GRAND decoder us             : 15152.073
Avg total hybrid decoder us      : 20056.866

=== BCAI HYBRID EVAL ===
SNR (dB)                         : 10.50
Frames simulated                 : 17544
LDPC FER / BER                   : 6.839945e-03 / 1.247589e-03
Hybrid FER / BER                 : 6.839945e-03 / 1.247589e-03
Avg stage-1 iters/frame          : 3.911
Failed frame rate                : 0.006840
Fallback invoked | failed        : 1.000000
Avg invoke score | failed        : 1.000000
GRAND invocation rate            : 0.006840
GRAND rescue rate | invoked      : 0.000000
Info rescue rate | invoked       : 0.000000
Parity-only rescue | invoked     : 0.000000
Info / parity round success      : 0.000000 / 0.000000
Direct / prefix / global success : 0.000000 / 0.000000 / 0.000000
Pools info/punc/txp | invoked    : 12.44 / 32.13 / 1.03
Block patterns / prefixes        : 48.000 / 6.000
Selected blocks / top prob       : 0.000 / 0.968
Avg candidate pool | invoked     : 432.008
Avg solver candidates | invoked  : 49.000
Avg max free dim | invoked       : 0.000
Avg stage-1 decoder us           : 4362.094
Avg GRAND decoder us             : 11667.745
Avg total hybrid decoder us      : 16029.839
[SAVE] summary=results/run_hybrid_ldpc_grand_bcai_20260404_it25_32291546_2/bcai_it25_20260404-215522_summary.csv
[SAVE] raw=results/run_hybrid_ldpc_grand_bcai_20260404_it25_32291546_2/bcai_it25_20260404-215522_raw.pkl
[SAVE] config=results/run_hybrid_ldpc_grand_bcai_20260404_it25_32291546_2/bcai_it25_20260404-215522_config.json
[SAVE] bit_model=results/run_hybrid_ldpc_grand_bcai_20260404_it25_32291546_2/bcai_bit_student_it25.npz
[SAVE] block_model=results/run_hybrid_ldpc_grand_bcai_20260404_it25_32291546_2/bcai_block_student_it25.npz
