{
  "errors": {},
  "python": "/scratch/rsadve1/venvs/grand5g/bin/python",
  "status": {
    "LDPC5GEncoder_ok": true,
    "TDL_ok": true,
    "numba_ok": true,
    "numpy_ok": true,
    "scipy_ok": true,
    "sionna_ok": true
  }
}
[SBATCH CONFIG] task=1 it=15 eval_snr=7.5,8.0,8.5,9.0,9.5 calib_snr=7.0,7.5,8.0,8.5
[SBATCH CONFIG] channel=SIONNA_TDL tdl=B delay=1.0e-7 speed=[0.5,3.0] cfo=15.0 csi=nr_imperfect
[SBATCH CONFIG] traj depth/try=5/2 pools info/punc/txp=26/18/12 blocks=10 beam=64 exact_pool=72 max_w=20 free_dim=20
[RUN] code=sionna5g_k1024_n2048_qm1 it=15 eval_snr=[7.5, 8.0, 8.5, 9.0, 9.5]
[RUN] calib={'calib_total_frames': 6053, 'calib_failed_frames': 640, 'calib_bit_rows': 6084801, 'calib_block_rows': 66290, 'calib_snapshot_rows': 3200, 'bit_model_ready': True, 'block_model_ready': True, 'snapshot_model_ready': True, 'bit_model_path': 'results/run_hybrid_ldpc_grand_tsbcai_20260404_it15_32362752_1/tsbcai_bit_student_it15.npz', 'block_model_path': 'results/run_hybrid_ldpc_grand_tsbcai_20260404_it15_32362752_1/tsbcai_block_student_it15.npz', 'snapshot_model_path': 'results/run_hybrid_ldpc_grand_tsbcai_20260404_it15_32362752_1/tsbcai_snapshot_student_it15.npz'}

=== TSBCAI HYBRID EVAL ===
SNR (dB)                         : 7.50
Frames simulated                 : 1594
LDPC FER / BER                   : 7.716437e-02 / 1.375152e-02
Hybrid FER / BER                 : 7.528231e-02 / 1.375152e-02
Avg stage-1 iters/frame          : 5.434
Failed frame rate                : 0.077164
Fallback invoked | failed        : 1.000000
Avg invoke score | failed        : 1.000000
GRAND invocation rate            : 0.077164
GRAND rescue rate | invoked      : 0.024390
Info rescue rate | invoked       : 0.000000
Parity-only rescue | invoked     : 0.024390
Info / parity round success      : 0.000000 / 0.024390
Direct / prefix / global success : 0.008130 / 0.016260 / 0.000000
Pools info/punc/txp | invoked    : 35.20 / 65.50 / 2.86
Block patterns / prefixes        : 142.260 / 15.935
Selected blocks / top prob       : 0.057 / 1.969
Snapshots tried / first it       : 1.992 / 11.455
Success it / first-second succ   : 15.000 / 0.008130-0.016260
Avg candidate pool | invoked     : 1244.211
Avg solver candidates | invoked  : 144.244
Avg max free dim | invoked       : 0.000
Avg stage-1 decoder us           : 3935.757
Avg GRAND decoder us             : 128917.873
Avg total hybrid decoder us      : 132853.630

=== TSBCAI HYBRID EVAL ===
SNR (dB)                         : 8.00
Frames simulated                 : 1918
LDPC FER / BER                   : 6.465068e-02 / 1.087355e-02
Hybrid FER / BER                 : 6.256517e-02 / 1.087202e-02
Avg stage-1 iters/frame          : 5.008
Failed frame rate                : 0.064651
Fallback invoked | failed        : 1.000000
Avg invoke score | failed        : 1.000000
GRAND invocation rate            : 0.064651
GRAND rescue rate | invoked      : 0.032258
Info rescue rate | invoked       : 0.008065
Parity-only rescue | invoked     : 0.024194
Info / parity round success      : 0.000000 / 0.032258
Direct / prefix / global success : 0.008065 / 0.024194 / 0.000000
Pools info/punc/txp | invoked    : 37.58 / 62.67 / 2.86
Block patterns / prefixes        : 141.444 / 15.806
Selected blocks / top prob       : 0.065 / 1.945
Snapshots tried / first it       : 1.976 / 11.484
Success it / first-second succ   : 14.750 / 0.024194-0.008065
Avg candidate pool | invoked     : 1230.758
Avg solver candidates | invoked  : 143.411
Avg max free dim | invoked       : 0.000
Avg stage-1 decoder us           : 3758.685
Avg GRAND decoder us             : 107696.907
Avg total hybrid decoder us      : 111455.592

=== TSBCAI HYBRID EVAL ===
SNR (dB)                         : 8.50
Frames simulated                 : 2585
LDPC FER / BER                   : 4.874275e-02 / 8.888419e-03
Hybrid FER / BER                 : 4.642166e-02 / 8.888419e-03
Avg stage-1 iters/frame          : 4.665
Failed frame rate                : 0.048743
Fallback invoked | failed        : 1.000000
Avg invoke score | failed        : 1.000000
GRAND invocation rate            : 0.048743
GRAND rescue rate | invoked      : 0.047619
Info rescue rate | invoked       : 0.000000
Parity-only rescue | invoked     : 0.047619
Info / parity round success      : 0.000000 / 0.047619
Direct / prefix / global success : 0.007937 / 0.039683 / 0.000000
Pools info/punc/txp | invoked    : 35.48 / 67.22 / 2.31
Block patterns / prefixes        : 140.333 / 15.683
Selected blocks / top prob       : 0.111 / 1.929
Snapshots tried / first it       : 1.960 / 11.349
Success it / first-second succ   : 14.667 / 0.039683-0.007937
Avg candidate pool | invoked     : 1214.175
Avg solver candidates | invoked  : 142.286
Avg max free dim | invoked       : 0.000
Avg stage-1 decoder us           : 3720.319
Avg GRAND decoder us             : 77681.276
Avg total hybrid decoder us      : 81401.595

=== TSBCAI HYBRID EVAL ===
SNR (dB)                         : 9.00
Frames simulated                 : 3055
LDPC FER / BER                   : 4.058920e-02 / 7.366254e-03
Hybrid FER / BER                 : 3.927987e-02 / 7.366254e-03
Avg stage-1 iters/frame          : 4.482
Failed frame rate                : 0.040589
Fallback invoked | failed        : 1.000000
Avg invoke score | failed        : 1.000000
GRAND invocation rate            : 0.040589
GRAND rescue rate | invoked      : 0.032258
Info rescue rate | invoked       : 0.000000
Parity-only rescue | invoked     : 0.032258
Info / parity round success      : 0.000000 / 0.024194
Direct / prefix / global success : 0.008065 / 0.024194 / 0.000000
Pools info/punc/txp | invoked    : 36.37 / 67.97 / 2.03
Block patterns / prefixes        : 140.847 / 15.742
Selected blocks / top prob       : 0.073 / 1.944
Snapshots tried / first it       : 1.968 / 11.306
Success it / first-second succ   : 14.750 / 0.032258-0.000000
Avg candidate pool | invoked     : 1224.710
Avg solver candidates | invoked  : 142.806
Avg max free dim | invoked       : 0.000
Avg stage-1 decoder us           : 3690.939
Avg GRAND decoder us             : 63305.285
Avg total hybrid decoder us      : 66996.224

=== TSBCAI HYBRID EVAL ===
SNR (dB)                         : 9.50
Frames simulated                 : 3768
LDPC FER / BER                   : 3.237792e-02 / 5.444958e-03
Hybrid FER / BER                 : 3.184713e-02 / 5.444958e-03
Avg stage-1 iters/frame          : 4.202
Failed frame rate                : 0.032378
Fallback invoked | failed        : 1.000000
Avg invoke score | failed        : 1.000000
GRAND invocation rate            : 0.032378
GRAND rescue rate | invoked      : 0.016393
Info rescue rate | invoked       : 0.000000
Parity-only rescue | invoked     : 0.016393
Info / parity round success      : 0.000000 / 0.008197
Direct / prefix / global success : 0.008197 / 0.008197 / 0.000000
Pools info/punc/txp | invoked    : 36.50 / 66.31 / 2.16
Block patterns / prefixes        : 141.951 / 15.869
Selected blocks / top prob       : 0.041 / 1.962
Snapshots tried / first it       : 1.984 / 11.352
Success it / first-second succ   : 15.000 / 0.016393-0.000000
Avg candidate pool | invoked     : 1243.459
Avg solver candidates | invoked  : 143.926
Avg max free dim | invoked       : 0.000
Avg stage-1 decoder us           : 3689.701
Avg GRAND decoder us             : 51959.483
Avg total hybrid decoder us      : 55649.184
[SAVE] summary=results/run_hybrid_ldpc_grand_tsbcai_20260404_it15_32362752_1/tsbcai_it15_20260405-013108_summary.csv
[SAVE] raw=results/run_hybrid_ldpc_grand_tsbcai_20260404_it15_32362752_1/tsbcai_it15_20260405-013108_raw.pkl
[SAVE] config=results/run_hybrid_ldpc_grand_tsbcai_20260404_it15_32362752_1/tsbcai_it15_20260405-013108_config.json
[SAVE] bit_model=results/run_hybrid_ldpc_grand_tsbcai_20260404_it15_32362752_1/tsbcai_bit_student_it15.npz
[SAVE] block_model=results/run_hybrid_ldpc_grand_tsbcai_20260404_it15_32362752_1/tsbcai_block_student_it15.npz
[SAVE] snapshot_model=results/run_hybrid_ldpc_grand_tsbcai_20260404_it15_32362752_1/tsbcai_snapshot_student_it15.npz
