{
  "errors": {},
  "python": "/scratch/rsadve1/venvs/grand5g/bin/python",
  "status": {
    "LDPC5GEncoder_ok": true,
    "TDL_ok": true,
    "numba_ok": true,
    "numpy_ok": true,
    "scipy_ok": true,
    "sionna_ok": true
  }
}
[SBATCH CONFIG] task=2 it=25 eval_snr=10.5,11.0,11.5,12.0,12.5 calib_snr=10.0,10.5,11.0,11.5
[SBATCH CONFIG] channel=SIONNA_TDL tdl=C delay=3.0e-7 speed=[5.0,20.0] cfo=80.0 csi=nr_imperfect
[SBATCH CONFIG] pools info/punc/txp=16/10/12 beam1/2=20/12 depth1/2=6/3 max_patterns=2048
[RUN] code=sionna5g_k1024_n2048_qm1 it=25 eval_snr=[10.5, 11.0, 11.5, 12.0, 12.5]
[RUN] calib={'calib_total_frames': 8366, 'calib_failed_frames': 256, 'model_ready': True, 'model_path': 'results/run_hybrid_ldpc_grand_aipig_20260403_it25_31842083_2/aipig_student_it25.npz'}

=== AIPIG HYBRID EVAL ===
SNR (dB)                    : 10.50
Frames simulated            : 6200
LDPC FER / BER              : 2.435484e-02 / 4.996220e-03
Hybrid FER / BER            : 2.419355e-02 / 4.996220e-03
Avg stage-1 iters/frame     : 5.130
GRAND invocation rate       : 0.024355
GRAND rescue rate | invoked : 0.006623
Info rescue rate | invoked  : 0.000000
Parity-only rescue | invoked: 0.006623
Phase1 / Phase2 success     : 0.000000 / 0.006623
Pools info/punc/txp         : 15.61 / 9.47 / 11.83
Avg GRAND patterns/failure  : 1118.311
Avg phase1 / phase2 patterns: 922.192 / 196.119
Avg stage-1 decoder us      : 115581.105
Avg GRAND decoder us        : 1292.111
Avg total hybrid decoder us : 116873.215

=== AIPIG HYBRID EVAL ===
SNR (dB)                    : 11.00
Frames simulated            : 6994
LDPC FER / BER              : 2.144695e-02 / 4.161631e-03
Hybrid FER / BER            : 2.144695e-02 / 4.161631e-03
Avg stage-1 iters/frame     : 4.897
GRAND invocation rate       : 0.021447
GRAND rescue rate | invoked : 0.000000
Info rescue rate | invoked  : 0.000000
Parity-only rescue | invoked: 0.000000
Phase1 / Phase2 success     : 0.000000 / 0.000000
Pools info/punc/txp         : 15.53 / 9.26 / 11.90
Avg GRAND patterns/failure  : 1109.967
Avg phase1 / phase2 patterns: 913.033 / 196.933
Avg stage-1 decoder us      : 97214.861
Avg GRAND decoder us        : 1112.323
Avg total hybrid decoder us : 98327.184

=== AIPIG HYBRID EVAL ===
SNR (dB)                    : 11.50
Frames simulated            : 11237
LDPC FER / BER              : 1.361573e-02 / 2.589537e-03
Hybrid FER / BER            : 1.334876e-02 / 2.589537e-03
Avg stage-1 iters/frame     : 4.599
GRAND invocation rate       : 0.013616
GRAND rescue rate | invoked : 0.019608
Info rescue rate | invoked  : 0.000000
Parity-only rescue | invoked: 0.019608
Phase1 / Phase2 success     : 0.000000 / 0.019608
Pools info/punc/txp         : 14.96 / 9.12 / 11.58
Avg GRAND patterns/failure  : 1067.582
Avg phase1 / phase2 patterns: 876.784 / 190.797
Avg stage-1 decoder us      : 82466.774
Avg GRAND decoder us        : 687.592
Avg total hybrid decoder us : 83154.366

=== AIPIG HYBRID EVAL ===
SNR (dB)                    : 12.00
Frames simulated            : 14637
LDPC FER / BER              : 1.031632e-02 / 1.858785e-03
Hybrid FER / BER            : 1.024800e-02 / 1.858785e-03
Avg stage-1 iters/frame     : 4.417
GRAND invocation rate       : 0.010316
GRAND rescue rate | invoked : 0.006623
Info rescue rate | invoked  : 0.000000
Parity-only rescue | invoked: 0.006623
Phase1 / Phase2 success     : 0.000000 / 0.006623
Pools info/punc/txp         : 15.39 / 9.09 / 11.87
Avg GRAND patterns/failure  : 1101.735
Avg phase1 / phase2 patterns: 905.987 / 195.748
Avg stage-1 decoder us      : 62208.154
Avg GRAND decoder us        : 528.998
Avg total hybrid decoder us : 62737.152

=== AIPIG HYBRID EVAL ===
SNR (dB)                    : 12.50
Frames simulated            : 17476
LDPC FER / BER              : 8.640421e-03 / 1.583813e-03
Hybrid FER / BER            : 8.583200e-03 / 1.583813e-03
Avg stage-1 iters/frame     : 4.255
GRAND invocation rate       : 0.008640
GRAND rescue rate | invoked : 0.006623
Info rescue rate | invoked  : 0.000000
Parity-only rescue | invoked: 0.006623
Phase1 / Phase2 success     : 0.000000 / 0.006623
Pools info/punc/txp         : 15.45 / 9.01 / 11.79
Avg GRAND patterns/failure  : 1097.132
Avg phase1 / phase2 patterns: 902.947 / 194.185
Avg stage-1 decoder us      : 62358.511
Avg GRAND decoder us        : 442.417
Avg total hybrid decoder us : 62800.927
[SAVE] summary=results/run_hybrid_ldpc_grand_aipig_20260403_it25_31842083_2/aipig_it25_20260404-012240_summary.csv
[SAVE] raw=results/run_hybrid_ldpc_grand_aipig_20260403_it25_31842083_2/aipig_it25_20260404-012240_raw.pkl
[SAVE] config=results/run_hybrid_ldpc_grand_aipig_20260403_it25_31842083_2/aipig_it25_20260404-012240_config.json
[SAVE] model=results/run_hybrid_ldpc_grand_aipig_20260403_it25_31842083_2/aipig_student_it25.npz
