{
  "errors": {},
  "python": "/scratch/rsadve1/venvs/grand5g/bin/python",
  "status": {
    "LDPC5GEncoder_ok": true,
    "TDL_ok": true,
    "numba_ok": true,
    "numpy_ok": true,
    "scipy_ok": true,
    "sionna_ok": true
  }
}
[SBATCH CONFIG] task=1 it=15 eval_snr=7.0,7.5,8.0,8.5,9.0 calib_snr=6.75,7.25,7.75,8.25
[SBATCH CONFIG] channel=SIONNA_TDL tdl=B delay=1.0e-7 speed=[0.5,2.0] cfo=12.0 csi=nr_imperfect
[SBATCH CONFIG] aipogfix single_pool=96 tx_info=56 punct=24 tx_parity=16 max_patterns=200000 max_support=160
[RUNTIME] python=/scratch/rsadve1/venvs/grand5g/bin/python
[RUNTIME] numba_available=True numba_threads=32 disable_numba=False
[RUNTIME] results_dir=results/run_hybrid_ldpc_grand_aipogfix_20260406_it15_32851148_1
[RUN] code=sionna5g_k1024_n2048_qm1 it=15 eval_snr=[7.0, 7.5, 8.0, 8.5, 9.0]
[RUN] calib={'calib_total_frames': 5785, 'calib_failed_frames': 700, 'calib_bit_rows': 3354868, 'calib_block_rows': 36126, 'bit_model_ready': True, 'block_model_ready': True, 'bit_model_path': 'results/run_hybrid_ldpc_grand_aipogfix_20260406_it15_32851148_1/aipog_bit_student_it15.npz', 'block_model_path': 'results/run_hybrid_ldpc_grand_aipogfix_20260406_it15_32851148_1/aipog_block_student_it15.npz', 'pattern_stats_path': 'results/run_hybrid_ldpc_grand_aipogfix_20260406_it15_32851148_1/aipog_pattern_stats_it15.npz', 'size_choices': [2, 4, 8, 12, 16, 24, 32]}
[RUN] aipog max_patterns=200000 pool=96 tx_info_pool=56 punct_pool=24 tx_par_pool=16

=== AIPOG HYBRID EVAL ===
SNR (dB)                         : 7.00
Frames simulated                 : 935
LDPC FER / BER                   : 1.101604e-01 / 2.023939e-02
Hybrid FER / BER                 : 1.069519e-01 / 2.023834e-02
Avg stage-1 iters/frame          : 5.930
Failed frame rate                : 0.110160
GRAND invocation rate            : 0.110160
GRAND rescue rate | invoked      : 0.029126
Info rescue rate | invoked       : 0.009709
Parity-only rescue | invoked     : 0.019417
Avg patterns tested | invoked    : 194174.825
Avg candidate pool | invoked     : 96.000
Avg predicted mass | invoked     : 37.657
Avg block-peak | invoked         : 1.226
Avg queue max | invoked          : 193873.039
Avg zero-synd candidates | inv   : 0.029
Success pattern weight           : 1.667
Success first-cost               : 0.067
Avg stage-1 decoder us           : 203398.045
Avg GRAND decoder us             : 494787.888
Avg total hybrid decoder us      : 257904.090

=== AIPOG HYBRID EVAL ===
SNR (dB)                         : 7.50
Frames simulated                 : 1069
LDPC FER / BER                   : 9.354537e-02 / 1.634121e-02
Hybrid FER / BER                 : 9.354537e-02 / 1.634121e-02
Avg stage-1 iters/frame          : 5.481
Failed frame rate                : 0.093545
GRAND invocation rate            : 0.093545
GRAND rescue rate | invoked      : 0.000000
Info rescue rate | invoked       : 0.000000
Parity-only rescue | invoked     : 0.000000
Avg patterns tested | invoked    : 200000.000
Avg candidate pool | invoked     : 96.000
Avg predicted mass | invoked     : 37.636
Avg block-peak | invoked         : 1.248
Avg queue max | invoked          : 199754.980
Avg zero-synd candidates | inv   : 0.000
Success pattern weight           : 0.000
Success first-cost               : 0.000
Avg stage-1 decoder us           : 11402.397
Avg GRAND decoder us             : 504127.295
Avg total hybrid decoder us      : 58561.171

=== AIPOG HYBRID EVAL ===
SNR (dB)                         : 8.00
Frames simulated                 : 1508
LDPC FER / BER                   : 6.631300e-02 / 1.180553e-02
Hybrid FER / BER                 : 6.631300e-02 / 1.180553e-02
Avg stage-1 iters/frame          : 5.009
Failed frame rate                : 0.066313
GRAND invocation rate            : 0.066313
GRAND rescue rate | invoked      : 0.000000
Info rescue rate | invoked       : 0.000000
Parity-only rescue | invoked     : 0.000000
Avg patterns tested | invoked    : 200000.000
Avg candidate pool | invoked     : 96.000
Avg predicted mass | invoked     : 37.341
Avg block-peak | invoked         : 1.227
Avg queue max | invoked          : 199454.280
Avg zero-synd candidates | inv   : 0.000
Success pattern weight           : 0.000
Success first-cost               : 0.000
Avg stage-1 decoder us           : 5518.041
Avg GRAND decoder us             : 498300.984
Avg total hybrid decoder us      : 38561.873

=== AIPOG HYBRID EVAL ===
SNR (dB)                         : 8.50
Frames simulated                 : 1876
LDPC FER / BER                   : 5.383795e-02 / 1.002903e-02
Hybrid FER / BER                 : 5.330490e-02 / 1.002903e-02
Avg stage-1 iters/frame          : 4.825
Failed frame rate                : 0.053838
GRAND invocation rate            : 0.053838
GRAND rescue rate | invoked      : 0.009901
Info rescue rate | invoked       : 0.000000
Parity-only rescue | invoked     : 0.009901
Avg patterns tested | invoked    : 198019.812
Avg candidate pool | invoked     : 96.000
Avg predicted mass | invoked     : 38.072
Avg block-peak | invoked         : 1.231
Avg queue max | invoked          : 197735.752
Avg zero-synd candidates | inv   : 0.010
Success pattern weight           : 1.000
Success first-cost               : 0.040
Avg stage-1 decoder us           : 7913.223
Avg GRAND decoder us             : 497165.103
Avg total hybrid decoder us      : 34679.575

=== AIPOG HYBRID EVAL ===
SNR (dB)                         : 9.00
Frames simulated                 : 2305
LDPC FER / BER                   : 4.425163e-02 / 8.134914e-03
Hybrid FER / BER                 : 4.338395e-02 / 8.134914e-03
Avg stage-1 iters/frame          : 4.499
Failed frame rate                : 0.044252
GRAND invocation rate            : 0.044252
GRAND rescue rate | invoked      : 0.019608
Info rescue rate | invoked       : 0.000000
Parity-only rescue | invoked     : 0.019608
Avg patterns tested | invoked    : 196078.451
Avg candidate pool | invoked     : 96.000
Avg predicted mass | invoked     : 38.938
Avg block-peak | invoked         : 1.238
Avg queue max | invoked          : 195917.255
Avg zero-synd candidates | inv   : 0.020
Success pattern weight           : 1.000
Success first-cost               : 0.040
Avg stage-1 decoder us           : 6184.585
Avg GRAND decoder us             : 488605.828
Avg total hybrid decoder us      : 27806.187
[SAVE] summary=results/run_hybrid_ldpc_grand_aipogfix_20260406_it15_32851148_1/aipog_it15_20260406-025946_summary.csv
[SAVE] raw=results/run_hybrid_ldpc_grand_aipogfix_20260406_it15_32851148_1/aipog_it15_20260406-025946_raw.pkl
[SAVE] config=results/run_hybrid_ldpc_grand_aipogfix_20260406_it15_32851148_1/aipog_it15_20260406-025946_config.json
[SAVE] bit_model=results/run_hybrid_ldpc_grand_aipogfix_20260406_it15_32851148_1/aipog_bit_student_it15.npz
[SAVE] block_model=results/run_hybrid_ldpc_grand_aipogfix_20260406_it15_32851148_1/aipog_block_student_it15.npz
[SAVE] pattern_stats=results/run_hybrid_ldpc_grand_aipogfix_20260406_it15_32851148_1/aipog_pattern_stats_it15.npz
