{
  "errors": {},
  "python": "/scratch/rsadve1/venvs/grand5g/bin/python",
  "status": {
    "LDPC5GEncoder_ok": true,
    "TDL_ok": true,
    "numba_ok": true,
    "numpy_ok": true,
    "scipy_ok": true,
    "sionna_ok": true
  }
}
[SBATCH CONFIG] task=0 it=8 eval_snr=9.5,10.0,10.5,11.0,11.5 calib_snr=9.5,10.0,10.5,11.0
[SBATCH CONFIG] channel=SIONNA_TDL tdl=C delay=3.0e-7 speed=[5.0,20.0] cfo=80.0 csi=nr_imperfect
[SBATCH CONFIG] pools info/txp/latent=14/12/10 beam1/2=18/12 depth1/2=6/3 max_patterns=1536
[RUN] code=sionna5g_k1024_n2048_qm1 it=8 eval_snr=[9.5, 10.0, 10.5, 11.0, 11.5]
[RUN] calib={'calib_total_frames': 1754, 'calib_failed_frames': 192, 'model_ready': True, 'model_path': 'results/run_hybrid_ldpc_grand_aipcg_20260403_it08_31722905_0/aipcg_student_it08.npz'}

=== AIPCG HYBRID EVAL ===
SNR (dB)                    : 9.50
Frames simulated            : 1356
LDPC FER / BER              : 1.143068e-01 / 1.095104e-02
Hybrid FER / BER            : 1.106195e-01 / 1.095104e-02
Avg stage-1 iters/frame     : 4.789
GRAND invocation rate       : 0.114307
GRAND rescue rate | invoked : 0.032258
Info rescue rate | invoked  : 0.000000
Parity-only rescue | invoked: 0.032258
Phase1 / Phase2 success     : 0.000000 / 0.032258
Pools info/txp/latent       : 9.70 / 9.66 / 9.44
Avg GRAND patterns/failure  : 575.852
Avg phase1 / phase2 patterns: 445.594 / 130.258
Avg stage-1 decoder us      : 34147.415
Avg GRAND decoder us        : 2297.555
Avg total hybrid decoder us : 36444.970

=== AIPCG HYBRID EVAL ===
SNR (dB)                    : 10.00
Frames simulated            : 1968
LDPC FER / BER              : 7.825203e-02 / 6.346664e-03
Hybrid FER / BER            : 7.621951e-02 / 6.346664e-03
Avg stage-1 iters/frame     : 4.549
GRAND invocation rate       : 0.078252
GRAND rescue rate | invoked : 0.025974
Info rescue rate | invoked  : 0.000000
Parity-only rescue | invoked: 0.025974
Phase1 / Phase2 success     : 0.000000 / 0.025974
Pools info/txp/latent       : 8.84 / 9.57 / 9.62
Avg GRAND patterns/failure  : 588.331
Avg phase1 / phase2 patterns: 455.481 / 132.851
Avg stage-1 decoder us      : 22523.620
Avg GRAND decoder us        : 1486.203
Avg total hybrid decoder us : 24009.823

=== AIPCG HYBRID EVAL ===
SNR (dB)                    : 10.50
Frames simulated            : 2530
LDPC FER / BER              : 6.245059e-02 / 5.224030e-03
Hybrid FER / BER            : 5.928854e-02 / 5.224030e-03
Avg stage-1 iters/frame     : 4.455
GRAND invocation rate       : 0.062451
GRAND rescue rate | invoked : 0.050633
Info rescue rate | invoked  : 0.000000
Parity-only rescue | invoked: 0.050633
Phase1 / Phase2 success     : 0.000000 / 0.050633
Pools info/txp/latent       : 8.84 / 9.18 / 9.34
Avg GRAND patterns/failure  : 548.620
Avg phase1 / phase2 patterns: 422.019 / 126.601
Avg stage-1 decoder us      : 18445.711
Avg GRAND decoder us        : 1158.081
Avg total hybrid decoder us : 19603.792

=== AIPCG HYBRID EVAL ===
SNR (dB)                    : 11.00
Frames simulated            : 2401
LDPC FER / BER              : 6.372345e-02 / 5.679193e-03
Hybrid FER / BER            : 6.247397e-02 / 5.679193e-03
Avg stage-1 iters/frame     : 4.395
GRAND invocation rate       : 0.063723
GRAND rescue rate | invoked : 0.019608
Info rescue rate | invoked  : 0.000000
Parity-only rescue | invoked: 0.019608
Phase1 / Phase2 success     : 0.000000 / 0.019608
Pools info/txp/latent       : 9.19 / 9.75 / 9.68
Avg GRAND patterns/failure  : 579.085
Avg phase1 / phase2 patterns: 444.595 / 134.490
Avg stage-1 decoder us      : 16902.222
Avg GRAND decoder us        : 1235.593
Avg total hybrid decoder us : 18137.814

=== AIPCG HYBRID EVAL ===
SNR (dB)                    : 11.50
Frames simulated            : 3398
LDPC FER / BER              : 4.679223e-02 / 3.713696e-03
Hybrid FER / BER            : 4.414361e-02 / 3.713696e-03
Avg stage-1 iters/frame     : 4.227
GRAND invocation rate       : 0.046792
GRAND rescue rate | invoked : 0.056604
Info rescue rate | invoked  : 0.000000
Parity-only rescue | invoked: 0.056604
Phase1 / Phase2 success     : 0.000000 / 0.056604
Pools info/txp/latent       : 8.72 / 9.05 / 9.29
Avg GRAND patterns/failure  : 523.528
Avg phase1 / phase2 patterns: 395.063 / 128.465
Avg stage-1 decoder us      : 14624.947
Avg GRAND decoder us        : 842.355
Avg total hybrid decoder us : 15467.302
[SAVE] summary=results/run_hybrid_ldpc_grand_aipcg_20260403_it08_31722905_0/aipcg_it08_20260403-204604_summary.csv
[SAVE] raw=results/run_hybrid_ldpc_grand_aipcg_20260403_it08_31722905_0/aipcg_it08_20260403-204604_raw.pkl
[SAVE] config=results/run_hybrid_ldpc_grand_aipcg_20260403_it08_31722905_0/aipcg_it08_20260403-204604_config.json
[SAVE] model=results/run_hybrid_ldpc_grand_aipcg_20260403_it08_31722905_0/aipcg_student_it08.npz
