{
  "errors": {},
  "python": "/scratch/rsadve1/venvs/grand5g/bin/python",
  "status": {
    "LDPC5GEncoder_ok": true,
    "TDL_ok": true,
    "numba_ok": true,
    "numpy_ok": true,
    "scipy_ok": true,
    "sionna_ok": true
  }
}
[SBATCH CONFIG] task=0 it=8 eval_snr=7.0,7.5,8.0,8.5,9.0 calib_snr=6.5,7.0,7.5,8.0
[SBATCH CONFIG] channel=SIONNA_TDL tdl=B delay=1.0e-7 speed=[0.5,3.0] cfo=15.0 csi=nr_imperfect
[SBATCH CONFIG] traj depth/try=5/2 pools info/punc/txp=26/18/12 blocks=10 beam=64 exact_pool=72 max_w=20 free_dim=20
[RUN] code=sionna5g_k1024_n2048_qm1 it=8 eval_snr=[7.0, 7.5, 8.0, 8.5, 9.0]
[RUN] calib={'calib_total_frames': 3028, 'calib_failed_frames': 640, 'calib_bit_rows': 5117563, 'calib_block_rows': 66071, 'calib_snapshot_rows': 3200, 'bit_model_ready': True, 'block_model_ready': True, 'snapshot_model_ready': True, 'bit_model_path': 'results/run_hybrid_ldpc_grand_tsbcai_20260404_it08_32362752_0/tsbcai_bit_student_it08.npz', 'block_model_path': 'results/run_hybrid_ldpc_grand_tsbcai_20260404_it08_32362752_0/tsbcai_block_student_it08.npz', 'snapshot_model_path': 'results/run_hybrid_ldpc_grand_tsbcai_20260404_it08_32362752_0/tsbcai_snapshot_student_it08.npz'}

=== TSBCAI HYBRID EVAL ===
SNR (dB)                         : 7.00
Frames simulated                 : 671
LDPC FER / BER                   : 2.011923e-01 / 2.263122e-02
Hybrid FER / BER                 : 1.788376e-01 / 2.263122e-02
Avg stage-1 iters/frame          : 4.976
Failed frame rate                : 0.201192
Fallback invoked | failed        : 1.000000
Avg invoke score | failed        : 1.000000
GRAND invocation rate            : 0.201192
GRAND rescue rate | invoked      : 0.111111
Info rescue rate | invoked       : 0.000000
Parity-only rescue | invoked     : 0.111111
Info / parity round success      : 0.000000 / 0.081481
Direct / prefix / global success : 0.007407 / 0.103704 / 0.000000
Pools info/punc/txp | invoked    : 41.86 / 45.29 / 5.60
Block patterns / prefixes        : 135.452 / 15.348
Selected blocks / top prob       : 0.311 / 1.861
Snapshots tried / first it       : 1.919 / 4.919
Success it / first-second succ   : 8.000 / 0.081481-0.029630
Avg candidate pool | invoked     : 1149.733
Avg solver candidates | invoked  : 137.363
Avg max free dim | invoked       : 0.000
Avg stage-1 decoder us           : 23373.138
Avg GRAND decoder us             : 492003.207
Avg total hybrid decoder us      : 515376.345

=== TSBCAI HYBRID EVAL ===
SNR (dB)                         : 7.50
Frames simulated                 : 1095
LDPC FER / BER                   : 1.342466e-01 / 1.492312e-02
Hybrid FER / BER                 : 1.095890e-01 / 1.492223e-02
Avg stage-1 iters/frame          : 4.632
Failed frame rate                : 0.134247
Fallback invoked | failed        : 1.000000
Avg invoke score | failed        : 1.000000
GRAND invocation rate            : 0.134247
GRAND rescue rate | invoked      : 0.183673
Info rescue rate | invoked       : 0.006803
Parity-only rescue | invoked     : 0.176871
Info / parity round success      : 0.006803 / 0.149660
Direct / prefix / global success : 0.020408 / 0.163265 / 0.000000
Pools info/punc/txp | invoked    : 38.43 / 42.77 / 4.65
Block patterns / prefixes        : 131.177 / 14.803
Selected blocks / top prob       : 0.476 / 1.769
Snapshots tried / first it       : 1.850 / 5.272
Success it / first-second succ   : 7.778 / 0.149660-0.034014
Avg candidate pool | invoked     : 1064.687
Avg solver candidates | invoked  : 133.007
Avg max free dim | invoked       : 0.000
Avg stage-1 decoder us           : 3853.387
Avg GRAND decoder us             : 244787.839
Avg total hybrid decoder us      : 248641.226

=== TSBCAI HYBRID EVAL ===
SNR (dB)                         : 8.00
Frames simulated                 : 1036
LDPC FER / BER                   : 1.370656e-01 / 1.555902e-02
Hybrid FER / BER                 : 1.158301e-01 / 1.555902e-02
Avg stage-1 iters/frame          : 4.444
Failed frame rate                : 0.137066
Fallback invoked | failed        : 1.000000
Avg invoke score | failed        : 1.000000
GRAND invocation rate            : 0.137066
GRAND rescue rate | invoked      : 0.154930
Info rescue rate | invoked       : 0.000000
Parity-only rescue | invoked     : 0.154930
Info / parity round success      : 0.000000 / 0.126761
Direct / prefix / global success : 0.021127 / 0.119718 / 0.014085
Pools info/punc/txp | invoked    : 38.56 / 42.68 / 4.60
Block patterns / prefixes        : 132.317 / 14.930
Selected blocks / top prob       : 0.380 / 1.785
Snapshots tried / first it       : 1.866 / 5.268
Success it / first-second succ   : 7.864 / 0.133803-0.021127
Avg candidate pool | invoked     : 1099.049
Avg solver candidates | invoked  : 134.176
Avg max free dim | invoked       : 0.000
Avg stage-1 decoder us           : 3697.702
Avg GRAND decoder us             : 245376.472
Avg total hybrid decoder us      : 249074.174

=== TSBCAI HYBRID EVAL ===
SNR (dB)                         : 8.50
Frames simulated                 : 1268
LDPC FER / BER                   : 1.111987e-01 / 1.262292e-02
Hybrid FER / BER                 : 9.463722e-02 / 1.262061e-02
Avg stage-1 iters/frame          : 4.359
Failed frame rate                : 0.111199
Fallback invoked | failed        : 1.000000
Avg invoke score | failed        : 1.000000
GRAND invocation rate            : 0.111199
GRAND rescue rate | invoked      : 0.148936
Info rescue rate | invoked       : 0.014184
Parity-only rescue | invoked     : 0.134752
Info / parity round success      : 0.007092 / 0.106383
Direct / prefix / global success : 0.021277 / 0.113475 / 0.014184
Pools info/punc/txp | invoked    : 38.26 / 43.23 / 5.29
Block patterns / prefixes        : 132.844 / 14.979
Selected blocks / top prob       : 0.340 / 1.810
Snapshots tried / first it       : 1.872 / 5.241
Success it / first-second succ   : 7.857 / 0.127660-0.021277
Avg candidate pool | invoked     : 1106.199
Avg solver candidates | invoked  : 134.709
Avg max free dim | invoked       : 0.000
Avg stage-1 decoder us           : 3695.824
Avg GRAND decoder us             : 197496.026
Avg total hybrid decoder us      : 201191.850

=== TSBCAI HYBRID EVAL ===
SNR (dB)                         : 9.00
Frames simulated                 : 1766
LDPC FER / BER                   : 8.040770e-02 / 7.815818e-03
Hybrid FER / BER                 : 6.795017e-02 / 7.815265e-03
Avg stage-1 iters/frame          : 4.151
Failed frame rate                : 0.080408
Fallback invoked | failed        : 1.000000
Avg invoke score | failed        : 1.000000
GRAND invocation rate            : 0.080408
GRAND rescue rate | invoked      : 0.154930
Info rescue rate | invoked       : 0.007042
Parity-only rescue | invoked     : 0.147887
Info / parity round success      : 0.007042 / 0.112676
Direct / prefix / global success : 0.028169 / 0.126761 / 0.000000
Pools info/punc/txp | invoked    : 40.63 / 41.92 / 4.44
Block patterns / prefixes        : 132.275 / 14.986
Selected blocks / top prob       : 0.415 / 1.808
Snapshots tried / first it       : 1.873 / 5.204
Success it / first-second succ   : 8.000 / 0.126761-0.028169
Avg candidate pool | invoked     : 1097.683
Avg solver candidates | invoked  : 134.120
Avg max free dim | invoked       : 0.000
Avg stage-1 decoder us           : 3760.569
Avg GRAND decoder us             : 141923.555
Avg total hybrid decoder us      : 145684.124
[SAVE] summary=results/run_hybrid_ldpc_grand_tsbcai_20260404_it08_32362752_0/tsbcai_it08_20260405-013613_summary.csv
[SAVE] raw=results/run_hybrid_ldpc_grand_tsbcai_20260404_it08_32362752_0/tsbcai_it08_20260405-013613_raw.pkl
[SAVE] config=results/run_hybrid_ldpc_grand_tsbcai_20260404_it08_32362752_0/tsbcai_it08_20260405-013613_config.json
[SAVE] bit_model=results/run_hybrid_ldpc_grand_tsbcai_20260404_it08_32362752_0/tsbcai_bit_student_it08.npz
[SAVE] block_model=results/run_hybrid_ldpc_grand_tsbcai_20260404_it08_32362752_0/tsbcai_block_student_it08.npz
[SAVE] snapshot_model=results/run_hybrid_ldpc_grand_tsbcai_20260404_it08_32362752_0/tsbcai_snapshot_student_it08.npz
