{
  "errors": {},
  "python": "/scratch/rsadve1/venvs/grand5g/bin/python",
  "status": {
    "LDPC5GEncoder_ok": true,
    "TDL_ok": true,
    "numba_ok": true,
    "numpy_ok": true,
    "scipy_ok": true,
    "sionna_ok": true
  }
}
[SBATCH CONFIG] task=1 it=15 eval_snr=7.0,7.5,8.0,8.5,9.0 calib_snr=6.5,7.0,7.5,8.0
[SBATCH CONFIG] channel=SIONNA_TDL tdl=B delay=6.0e-8 speed=[0.2,1.0] cfo=4.0 csi=nr_imperfect
[SBATCH CONFIG] ppog cpus=64 snr_workers=5 max_patterns=50000 queue_cap=16384
[RUNTIME] python=/scratch/rsadve1/venvs/grand5g/bin/python
[RUNTIME] numba_available=True numba_threads=64 disable_numba=False
[RUNTIME] results_dir=results/run_hybrid_ldpc_grand_ppog_20260408_it15_33459470_1
[RUN] code=sionna5g_k1024_n2048_qm1 it=15 eval_snr=[7.0, 7.5, 8.0, 8.5, 9.0]
[RUN] calib={'calib_total_frames': 6233, 'calib_failed_frames': 1000, 'calib_bit_rows': 4912772, 'calib_block_rows': 51729, 'bit_model_ready': True, 'block_model_ready': True, 'bit_model_path': 'results/run_hybrid_ldpc_grand_ppog_20260408_it15_33459470_1/ppog_bit_student_it15.npz', 'block_model_path': 'results/run_hybrid_ldpc_grand_ppog_20260408_it15_33459470_1/ppog_block_student_it15.npz', 'pattern_stats_path': 'results/run_hybrid_ldpc_grand_ppog_20260408_it15_33459470_1/ppog_pattern_stats_it15.npz', 'size_choices': [4, 8, 12, 16, 24, 32]}
[RUN] ppog max_patterns=50000 pool=96 tx_info_pool=80 punct_pool=32 tx_par_pool=24
[RUN] eval_workers=5 threads_per_worker=12 total_cpus=64

=== PPOG HYBRID EVAL ===
SNR (dB)                         : 7.50
Frames simulated                 : 793
LDPC FER / BER                   : 1.261034e-01 / 2.808633e-02
Hybrid FER / BER                 : 1.261034e-01 / 2.808633e-02
Avg stage-1 iters/frame          : 5.541
Failed frame rate                : 0.126103
GRAND invocation rate            : 0.126103
GRAND rescue rate | invoked      : 0.000000
Info rescue rate | invoked       : 0.000000
Parity-only rescue | invoked     : 0.000000
Avg patterns tested | invoked    : 49886.350
Avg candidate pool | invoked     : 608.000
Avg predicted mass | invoked     : 1525.330
Avg block-peak | invoked         : 1.288
Avg queue max | invoked          : 727.990
Avg queue dropped | invoked      : 55230.160
Avg zero-synd candidates | inv   : 0.000
Success pattern weight           : 0.000
Success first-cost               : 0.000
Avg stage-1 decoder us           : 18625.396
Avg GRAND decoder us             : 298225.689
Avg total hybrid decoder us      : 56232.671

=== PPOG HYBRID EVAL ===
SNR (dB)                         : 7.00
Frames simulated                 : 811
LDPC FER / BER                   : 1.233046e-01 / 2.449956e-02
Hybrid FER / BER                 : 1.233046e-01 / 2.449956e-02
Avg stage-1 iters/frame          : 5.818
Failed frame rate                : 0.123305
GRAND invocation rate            : 0.123305
GRAND rescue rate | invoked      : 0.000000
Info rescue rate | invoked       : 0.000000
Parity-only rescue | invoked     : 0.000000
Avg patterns tested | invoked    : 49972.620
Avg candidate pool | invoked     : 608.000
Avg predicted mass | invoked     : 1418.486
Avg block-peak | invoked         : 1.285
Avg queue max | invoked          : 1179.090
Avg queue dropped | invoked      : 53382.220
Avg zero-synd candidates | inv   : 0.000
Success pattern weight           : 0.000
Success first-cost               : 0.000
Avg stage-1 decoder us           : 18940.116
Avg GRAND decoder us             : 298557.918
Avg total hybrid decoder us      : 55753.669

=== PPOG HYBRID EVAL ===
SNR (dB)                         : 8.50
Frames simulated                 : 1325
LDPC FER / BER                   : 7.547170e-02 / 1.455631e-02
Hybrid FER / BER                 : 7.547170e-02 / 1.455631e-02
Avg stage-1 iters/frame          : 4.838
Failed frame rate                : 0.075472
GRAND invocation rate            : 0.075472
GRAND rescue rate | invoked      : 0.000000
Info rescue rate | invoked       : 0.000000
Parity-only rescue | invoked     : 0.000000
Avg patterns tested | invoked    : 49744.170
Avg candidate pool | invoked     : 608.000
Avg predicted mass | invoked     : 1371.239
Avg block-peak | invoked         : 1.286
Avg queue max | invoked          : 1172.440
Avg queue dropped | invoked      : 64282.070
Avg zero-synd candidates | inv   : 0.000
Success pattern weight           : 0.000
Success first-cost               : 0.000
Avg stage-1 decoder us           : 13008.583
Avg GRAND decoder us             : 298501.966
Avg total hybrid decoder us      : 35537.034

=== PPOG HYBRID EVAL ===
SNR (dB)                         : 8.00
Frames simulated                 : 1016
LDPC FER / BER                   : 9.842520e-02 / 1.879979e-02
Hybrid FER / BER                 : 9.842520e-02 / 1.879979e-02
Avg stage-1 iters/frame          : 5.194
Failed frame rate                : 0.098425
GRAND invocation rate            : 0.098425
GRAND rescue rate | invoked      : 0.000000
Info rescue rate | invoked       : 0.000000
Parity-only rescue | invoked     : 0.000000
Avg patterns tested | invoked    : 49405.650
Avg candidate pool | invoked     : 608.000
Avg predicted mass | invoked     : 1397.267
Avg block-peak | invoked         : 1.273
Avg queue max | invoked          : 1254.740
Avg queue dropped | invoked      : 107588.900
Avg zero-synd candidates | inv   : 0.000
Success pattern weight           : 0.000
Success first-cost               : 0.000
Avg stage-1 decoder us           : 19017.234
Avg GRAND decoder us             : 367872.160
Avg total hybrid decoder us      : 55225.123

=== PPOG HYBRID EVAL ===
SNR (dB)                         : 9.00
Frames simulated                 : 1698
LDPC FER / BER                   : 5.889282e-02 / 1.143004e-02
Hybrid FER / BER                 : 5.889282e-02 / 1.143004e-02
Avg stage-1 iters/frame          : 4.425
Failed frame rate                : 0.058893
GRAND invocation rate            : 0.058893
GRAND rescue rate | invoked      : 0.000000
Info rescue rate | invoked       : 0.000000
Parity-only rescue | invoked     : 0.000000
Avg patterns tested | invoked    : 49608.220
Avg candidate pool | invoked     : 608.000
Avg predicted mass | invoked     : 1414.453
Avg block-peak | invoked         : 1.275
Avg queue max | invoked          : 1095.660
Avg queue dropped | invoked      : 72409.010
Avg zero-synd candidates | inv   : 0.000
Success pattern weight           : 0.000
Success first-cost               : 0.000
Avg stage-1 decoder us           : 13365.256
Avg GRAND decoder us             : 308165.420
Avg total hybrid decoder us      : 31513.985
[SAVE] summary=results/run_hybrid_ldpc_grand_ppog_20260408_it15_33459470_1/ppog_it15_20260409-035818_summary.csv
[SAVE] raw=results/run_hybrid_ldpc_grand_ppog_20260408_it15_33459470_1/ppog_it15_20260409-035818_raw.pkl
[SAVE] config=results/run_hybrid_ldpc_grand_ppog_20260408_it15_33459470_1/ppog_it15_20260409-035818_config.json
[SAVE] bit_model=results/run_hybrid_ldpc_grand_ppog_20260408_it15_33459470_1/ppog_bit_student_it15.npz
[SAVE] block_model=results/run_hybrid_ldpc_grand_ppog_20260408_it15_33459470_1/ppog_block_student_it15.npz
[SAVE] pattern_stats=results/run_hybrid_ldpc_grand_ppog_20260408_it15_33459470_1/ppog_pattern_stats_it15.npz
