{
  "errors": {},
  "python": "/scratch/rsadve1/venvs/grand5g/bin/python",
  "status": {
    "LDPC5GEncoder_ok": true,
    "TDL_ok": true,
    "numba_ok": true,
    "numpy_ok": true,
    "scipy_ok": true,
    "sionna_ok": true
  }
}
[SBATCH CONFIG] task=2 it=25 eval_snr=7.5,8.0,8.5,9.0,9.5 calib_snr=7.0,7.5,8.0,8.5
[SBATCH CONFIG] channel=SIONNA_TDL tdl=B delay=1.0e-7 speed=[0.5,2.0] cfo=12.0 csi=nr_imperfect
[SBATCH CONFIG] aipogfix single_pool=96 tx_info=56 punct=24 tx_parity=16 max_patterns=200000 max_support=160
[RUNTIME] python=/scratch/rsadve1/venvs/grand5g/bin/python
[RUNTIME] numba_available=True numba_threads=32 disable_numba=False
[RUNTIME] results_dir=results/run_hybrid_ldpc_grand_taiog_20260406_it25_32865478_2
[RUN] code=sionna5g_k1024_n2048_qm1 it=25 eval_snr=[7.5, 8.0, 8.5, 9.0, 9.5]
[RUN] calib={'calib_total_frames': 7563, 'calib_failed_frames': 700, 'calib_bit_rows': 3601605, 'calib_block_rows': 36231, 'bit_model_ready': True, 'block_model_ready': True, 'bit_model_path': 'results/run_hybrid_ldpc_grand_taiog_20260406_it25_32865478_2/aipog_bit_student_it25.npz', 'block_model_path': 'results/run_hybrid_ldpc_grand_taiog_20260406_it25_32865478_2/aipog_block_student_it25.npz', 'pattern_stats_path': 'results/run_hybrid_ldpc_grand_taiog_20260406_it25_32865478_2/aipog_pattern_stats_it25.npz', 'size_choices': [2, 4, 8, 12, 16, 24, 32]}
[RUN] aipog max_patterns=200000 pool=96 tx_info_pool=56 punct_pool=24 tx_par_pool=16

=== AIPOG HYBRID EVAL ===
SNR (dB)                         : 7.50
Frames simulated                 : 1478
LDPC FER / BER                   : 6.833559e-02 / 1.402272e-02
Hybrid FER / BER                 : 6.765900e-02 / 1.402272e-02
Avg stage-1 iters/frame          : 6.077
Failed frame rate                : 0.068336
GRAND invocation rate            : 0.068336
GRAND rescue rate | invoked      : 0.009901
Info rescue rate | invoked       : 0.000000
Parity-only rescue | invoked     : 0.009901
Avg patterns tested | invoked    : 198019.812
Avg candidate pool | invoked     : 96.000
Avg predicted mass | invoked     : 40.291
Avg block-peak | invoked         : 1.243
Avg queue max | invoked          : 197863.911
Avg zero-synd candidates | inv   : 0.010
Success pattern weight           : 1.000
Success first-cost               : 0.040
Avg stage-1 decoder us           : 29439.877
Avg GRAND decoder us             : 505745.963
Avg total hybrid decoder us      : 64000.325

=== AIPOG HYBRID EVAL ===
SNR (dB)                         : 8.00
Frames simulated                 : 1716
LDPC FER / BER                   : 5.827506e-02 / 1.101023e-02
Hybrid FER / BER                 : 5.827506e-02 / 1.101023e-02
Avg stage-1 iters/frame          : 5.737
Failed frame rate                : 0.058275
GRAND invocation rate            : 0.058275
GRAND rescue rate | invoked      : 0.000000
Info rescue rate | invoked       : 0.000000
Parity-only rescue | invoked     : 0.000000
Avg patterns tested | invoked    : 200000.000
Avg candidate pool | invoked     : 96.000
Avg predicted mass | invoked     : 39.680
Avg block-peak | invoked         : 1.249
Avg queue max | invoked          : 199824.020
Avg zero-synd candidates | inv   : 0.000
Success pattern weight           : 0.000
Success first-cost               : 0.000
Avg stage-1 decoder us           : 23444.805
Avg GRAND decoder us             : 499041.419
Avg total hybrid decoder us      : 52526.472

=== AIPOG HYBRID EVAL ===
SNR (dB)                         : 8.50
Frames simulated                 : 1849
LDPC FER / BER                   : 5.408329e-02 / 1.101736e-02
Hybrid FER / BER                 : 5.408329e-02 / 1.101736e-02
Avg stage-1 iters/frame          : 5.459
Failed frame rate                : 0.054083
GRAND invocation rate            : 0.054083
GRAND rescue rate | invoked      : 0.000000
Info rescue rate | invoked       : 0.000000
Parity-only rescue | invoked     : 0.000000
Avg patterns tested | invoked    : 200000.000
Avg candidate pool | invoked     : 96.000
Avg predicted mass | invoked     : 41.366
Avg block-peak | invoked         : 1.256
Avg queue max | invoked          : 199878.480
Avg zero-synd candidates | inv   : 0.000
Success pattern weight           : 0.000
Success first-cost               : 0.000
Avg stage-1 decoder us           : 25049.755
Avg GRAND decoder us             : 502179.836
Avg total hybrid decoder us      : 52209.292

=== AIPOG HYBRID EVAL ===
SNR (dB)                         : 9.00
Frames simulated                 : 3282
LDPC FER / BER                   : 3.046923e-02 / 6.158414e-03
Hybrid FER / BER                 : 3.046923e-02 / 6.158414e-03
Avg stage-1 iters/frame          : 4.747
Failed frame rate                : 0.030469
GRAND invocation rate            : 0.030469
GRAND rescue rate | invoked      : 0.000000
Info rescue rate | invoked       : 0.000000
Parity-only rescue | invoked     : 0.000000
Avg patterns tested | invoked    : 200000.000
Avg candidate pool | invoked     : 96.000
Avg predicted mass | invoked     : 40.106
Avg block-peak | invoked         : 1.251
Avg queue max | invoked          : 199781.930
Avg zero-synd candidates | inv   : 0.000
Success pattern weight           : 0.000
Success first-cost               : 0.000
Avg stage-1 decoder us           : 15330.721
Avg GRAND decoder us             : 500197.340
Avg total hybrid decoder us      : 30571.347

=== AIPOG HYBRID EVAL ===
SNR (dB)                         : 9.50
Frames simulated                 : 4664
LDPC FER / BER                   : 2.144082e-02 / 4.229328e-03
Hybrid FER / BER                 : 2.144082e-02 / 4.229328e-03
Avg stage-1 iters/frame          : 4.370
Failed frame rate                : 0.021441
GRAND invocation rate            : 0.021441
GRAND rescue rate | invoked      : 0.000000
Info rescue rate | invoked       : 0.000000
Parity-only rescue | invoked     : 0.000000
Avg patterns tested | invoked    : 200000.000
Avg candidate pool | invoked     : 96.000
Avg predicted mass | invoked     : 40.616
Avg block-peak | invoked         : 1.256
Avg queue max | invoked          : 199865.220
Avg zero-synd candidates | inv   : 0.000
Success pattern weight           : 0.000
Success first-cost               : 0.000
Avg stage-1 decoder us           : 12127.569
Avg GRAND decoder us             : 503965.690
Avg total hybrid decoder us      : 22933.009
[SAVE] summary=results/run_hybrid_ldpc_grand_taiog_20260406_it25_32865478_2/aipog_it25_20260406-044808_summary.csv
[SAVE] raw=results/run_hybrid_ldpc_grand_taiog_20260406_it25_32865478_2/aipog_it25_20260406-044808_raw.pkl
[SAVE] config=results/run_hybrid_ldpc_grand_taiog_20260406_it25_32865478_2/aipog_it25_20260406-044808_config.json
[SAVE] bit_model=results/run_hybrid_ldpc_grand_taiog_20260406_it25_32865478_2/aipog_bit_student_it25.npz
[SAVE] block_model=results/run_hybrid_ldpc_grand_taiog_20260406_it25_32865478_2/aipog_block_student_it25.npz
[SAVE] pattern_stats=results/run_hybrid_ldpc_grand_taiog_20260406_it25_32865478_2/aipog_pattern_stats_it25.npz
