{
  "errors": {},
  "python": "/scratch/rsadve1/venvs/grand5g/bin/python",
  "status": {
    "LDPC5GEncoder_ok": true,
    "TDL_ok": true,
    "numba_ok": true,
    "numpy_ok": true,
    "scipy_ok": true,
    "sionna_ok": true
  }
}
[SBATCH CONFIG] task=1 it=15 eval_snr=8.0,8.5,9.0,9.5,10.0 calib_snr=7.5,8.0,8.5,9.0
[SBATCH CONFIG] channel=SIONNA_TDL tdl=C delay=2.0e-7 speed=[1.0,5.0] cfo=20.0 csi=nr_imperfect
[SBATCH CONFIG] pools info/punc/txp=24/16/12 blocks=8 beam=48 exact_pool=64 max_w=18 free_dim=18
[RUN] code=sionna5g_k1024_n2048_qm1 it=15 eval_snr=[8.0, 8.5, 9.0, 9.5, 10.0]
[RUN] calib={'calib_total_frames': 8030, 'calib_failed_frames': 512, 'calib_bit_rows': 2274214, 'calib_block_rows': 26257, 'bit_model_ready': True, 'block_model_ready': True, 'bit_model_path': 'results/run_hybrid_ldpc_grand_bcai_20260404_it15_32291546_1/bcai_bit_student_it15.npz', 'block_model_path': 'results/run_hybrid_ldpc_grand_bcai_20260404_it15_32291546_1/bcai_block_student_it15.npz'}

=== BCAI HYBRID EVAL ===
SNR (dB)                         : 8.00
Frames simulated                 : 2598
LDPC FER / BER                   : 4.772902e-02 / 7.499008e-03
Hybrid FER / BER                 : 4.618938e-02 / 7.499008e-03
Avg stage-1 iters/frame          : 5.128
Failed frame rate                : 0.047729
Fallback invoked | failed        : 1.000000
Avg invoke score | failed        : 1.000000
GRAND invocation rate            : 0.047729
GRAND rescue rate | invoked      : 0.032258
Info rescue rate | invoked       : 0.000000
Parity-only rescue | invoked     : 0.032258
Info / parity round success      : 0.000000 / 0.032258
Direct / prefix / global success : 0.000000 / 0.032258 / 0.000000
Pools info/punc/txp | invoked    : 12.78 / 27.35 / 1.81
Block patterns / prefixes        : 48.000 / 6.000
Selected blocks / top prob       : 0.081 / 0.960
Avg candidate pool | invoked     : 419.879
Avg solver candidates | invoked  : 49.000
Avg max free dim | invoked       : 0.000
Avg stage-1 decoder us           : 54738.556
Avg GRAND decoder us             : 1199497.810
Avg total hybrid decoder us      : 1254236.366

=== BCAI HYBRID EVAL ===
SNR (dB)                         : 8.50
Frames simulated                 : 2947
LDPC FER / BER                   : 4.343400e-02 / 6.760053e-03
Hybrid FER / BER                 : 4.071938e-02 / 6.759721e-03
Avg stage-1 iters/frame          : 4.826
Failed frame rate                : 0.043434
Fallback invoked | failed        : 1.000000
Avg invoke score | failed        : 1.000000
GRAND invocation rate            : 0.043434
GRAND rescue rate | invoked      : 0.062500
Info rescue rate | invoked       : 0.007812
Parity-only rescue | invoked     : 0.054688
Info / parity round success      : 0.015625 / 0.046875
Direct / prefix / global success : 0.007812 / 0.054688 / 0.000000
Pools info/punc/txp | invoked    : 13.38 / 27.35 / 2.20
Block patterns / prefixes        : 48.000 / 6.000
Selected blocks / top prob       : 0.164 / 0.942
Avg candidate pool | invoked     : 408.602
Avg solver candidates | invoked  : 48.992
Avg max free dim | invoked       : 0.000
Avg stage-1 decoder us           : 3846.049
Avg GRAND decoder us             : 27461.773
Avg total hybrid decoder us      : 31307.822

=== BCAI HYBRID EVAL ===
SNR (dB)                         : 9.00
Frames simulated                 : 4820
LDPC FER / BER                   : 2.717842e-02 / 4.063067e-03
Hybrid FER / BER                 : 2.489627e-02 / 4.062865e-03
Avg stage-1 iters/frame          : 4.508
Failed frame rate                : 0.027178
Fallback invoked | failed        : 1.000000
Avg invoke score | failed        : 1.000000
GRAND invocation rate            : 0.027178
GRAND rescue rate | invoked      : 0.083969
Info rescue rate | invoked       : 0.007634
Parity-only rescue | invoked     : 0.076336
Info / parity round success      : 0.015267 / 0.061069
Direct / prefix / global success : 0.000000 / 0.083969 / 0.000000
Pools info/punc/txp | invoked    : 13.54 / 27.27 / 1.93
Block patterns / prefixes        : 48.000 / 6.000
Selected blocks / top prob       : 0.221 / 0.933
Avg candidate pool | invoked     : 401.496
Avg solver candidates | invoked  : 49.000
Avg max free dim | invoked       : 0.000
Avg stage-1 decoder us           : 4463.645
Avg GRAND decoder us             : 60963.250
Avg total hybrid decoder us      : 65426.894

=== BCAI HYBRID EVAL ===
SNR (dB)                         : 9.50
Frames simulated                 : 7004
LDPC FER / BER                   : 1.898915e-02 / 2.741458e-03
Hybrid FER / BER                 : 1.713307e-02 / 2.741179e-03
Avg stage-1 iters/frame          : 4.297
Failed frame rate                : 0.018989
Fallback invoked | failed        : 1.000000
Avg invoke score | failed        : 1.000000
GRAND invocation rate            : 0.018989
GRAND rescue rate | invoked      : 0.097744
Info rescue rate | invoked       : 0.015038
Parity-only rescue | invoked     : 0.082707
Info / parity round success      : 0.022556 / 0.060150
Direct / prefix / global success : 0.007519 / 0.090226 / 0.000000
Pools info/punc/txp | invoked    : 15.13 / 26.44 / 2.22
Block patterns / prefixes        : 48.000 / 6.000
Selected blocks / top prob       : 0.195 / 0.914
Avg candidate pool | invoked     : 396.113
Avg solver candidates | invoked  : 48.992
Avg max free dim | invoked       : 0.000
Avg stage-1 decoder us           : 4084.862
Avg GRAND decoder us             : 11873.119
Avg total hybrid decoder us      : 15957.981

=== BCAI HYBRID EVAL ===
SNR (dB)                         : 10.00
Frames simulated                 : 8766
LDPC FER / BER                   : 1.437372e-02 / 1.960032e-03
Hybrid FER / BER                 : 1.368925e-02 / 1.960032e-03
Avg stage-1 iters/frame          : 4.048
Failed frame rate                : 0.014374
Fallback invoked | failed        : 1.000000
Avg invoke score | failed        : 1.000000
GRAND invocation rate            : 0.014374
GRAND rescue rate | invoked      : 0.047619
Info rescue rate | invoked       : 0.000000
Parity-only rescue | invoked     : 0.047619
Info / parity round success      : 0.023810 / 0.015873
Direct / prefix / global success : 0.000000 / 0.047619 / 0.000000
Pools info/punc/txp | invoked    : 15.87 / 24.29 / 2.54
Block patterns / prefixes        : 48.000 / 6.000
Selected blocks / top prob       : 0.095 / 0.950
Avg candidate pool | invoked     : 414.341
Avg solver candidates | invoked  : 49.000
Avg max free dim | invoked       : 0.000
Avg stage-1 decoder us           : 3696.949
Avg GRAND decoder us             : 13546.170
Avg total hybrid decoder us      : 17243.118
[SAVE] summary=results/run_hybrid_ldpc_grand_bcai_20260404_it15_32291546_1/bcai_it15_20260404-224748_summary.csv
[SAVE] raw=results/run_hybrid_ldpc_grand_bcai_20260404_it15_32291546_1/bcai_it15_20260404-224748_raw.pkl
[SAVE] config=results/run_hybrid_ldpc_grand_bcai_20260404_it15_32291546_1/bcai_it15_20260404-224748_config.json
[SAVE] bit_model=results/run_hybrid_ldpc_grand_bcai_20260404_it15_32291546_1/bcai_bit_student_it15.npz
[SAVE] block_model=results/run_hybrid_ldpc_grand_bcai_20260404_it15_32291546_1/bcai_block_student_it15.npz
