{
  "errors": {},
  "python": "/scratch/rsadve1/venvs/grand5g/bin/python",
  "status": {
    "LDPC5GEncoder_ok": true,
    "TDL_ok": true,
    "numba_ok": true,
    "numpy_ok": true,
    "scipy_ok": true,
    "sionna_ok": true
  }
}
[SBATCH CONFIG] task=0 it=8 eval_snr=10.0,10.5,11.0,11.5,12.0 calib_snr=9.5,10.0,10.5,11.0
[SBATCH CONFIG] channel=SIONNA_TDL tdl=C delay=3.0e-7 speed=[5.0,20.0] cfo=80.0 csi=nr_imperfect
[SBATCH CONFIG] pools info/punc/txp=16/10/12 beam1/2=20/12 depth1/2=6/3 max_patterns=2048
[RUN] code=sionna5g_k1024_n2048_qm1 it=8 eval_snr=[10.0, 10.5, 11.0, 11.5, 12.0]
[RUN] calib={'calib_total_frames': 2366, 'calib_failed_frames': 256, 'model_ready': True, 'model_path': 'results/run_hybrid_ldpc_grand_aipig_20260403_it08_31842083_0/aipig_student_it08.npz'}

=== AIPIG HYBRID EVAL ===
SNR (dB)                    : 10.00
Frames simulated            : 1966
LDPC FER / BER              : 7.731434e-02 / 6.320833e-03
Hybrid FER / BER            : 7.629705e-02 / 6.320833e-03
Avg stage-1 iters/frame     : 4.546
GRAND invocation rate       : 0.077314
GRAND rescue rate | invoked : 0.013158
Info rescue rate | invoked  : 0.000000
Parity-only rescue | invoked: 0.013158
Phase1 / Phase2 success     : 0.000000 / 0.013158
Pools info/punc/txp         : 9.92 / 4.53 / 9.54
Avg GRAND patterns/failure  : 728.197
Avg phase1 / phase2 patterns: 592.375 / 135.822
Avg stage-1 decoder us      : 50254.802
Avg GRAND decoder us        : 2298.579
Avg total hybrid decoder us : 52553.382

=== AIPIG HYBRID EVAL ===
SNR (dB)                    : 10.50
Frames simulated            : 2511
LDPC FER / BER              : 6.133015e-02 / 5.161275e-03
Hybrid FER / BER            : 5.973716e-02 / 5.161275e-03
Avg stage-1 iters/frame     : 4.454
GRAND invocation rate       : 0.061330
GRAND rescue rate | invoked : 0.025974
Info rescue rate | invoked  : 0.000000
Parity-only rescue | invoked: 0.025974
Phase1 / Phase2 success     : 0.000000 / 0.025974
Pools info/punc/txp         : 10.10 / 4.81 / 9.26
Avg GRAND patterns/failure  : 721.169
Avg phase1 / phase2 patterns: 585.571 / 135.597
Avg stage-1 decoder us      : 14822.361
Avg GRAND decoder us        : 1878.651
Avg total hybrid decoder us : 16701.013

=== AIPIG HYBRID EVAL ===
SNR (dB)                    : 11.00
Frames simulated            : 2394
LDPC FER / BER              : 6.349206e-02 / 5.689272e-03
Hybrid FER / BER            : 6.265664e-02 / 5.689272e-03
Avg stage-1 iters/frame     : 4.395
GRAND invocation rate       : 0.063492
GRAND rescue rate | invoked : 0.013158
Info rescue rate | invoked  : 0.000000
Parity-only rescue | invoked: 0.013158
Phase1 / Phase2 success     : 0.000000 / 0.013158
Pools info/punc/txp         : 10.33 / 4.86 / 9.74
Avg GRAND patterns/failure  : 745.855
Avg phase1 / phase2 patterns: 602.842 / 143.013
Avg stage-1 decoder us      : 20294.344
Avg GRAND decoder us        : 1991.842
Avg total hybrid decoder us : 22286.186

=== AIPIG HYBRID EVAL ===
SNR (dB)                    : 11.50
Frames simulated            : 3282
LDPC FER / BER              : 4.661792e-02 / 3.609294e-03
Hybrid FER / BER            : 4.570384e-02 / 3.609294e-03
Avg stage-1 iters/frame     : 4.216
GRAND invocation rate       : 0.046618
GRAND rescue rate | invoked : 0.019608
Info rescue rate | invoked  : 0.000000
Parity-only rescue | invoked: 0.019608
Phase1 / Phase2 success     : 0.000000 / 0.019608
Pools info/punc/txp         : 9.84 / 5.08 / 9.01
Avg GRAND patterns/failure  : 708.706
Avg phase1 / phase2 patterns: 575.601 / 133.105
Avg stage-1 decoder us      : 17192.196
Avg GRAND decoder us        : 1443.817
Avg total hybrid decoder us : 18636.014

=== AIPIG HYBRID EVAL ===
SNR (dB)                    : 12.00
Frames simulated            : 3616
LDPC FER / BER              : 4.175885e-02 / 3.295628e-03
Hybrid FER / BER            : 4.148230e-02 / 3.295628e-03
Avg stage-1 iters/frame     : 4.116
GRAND invocation rate       : 0.041759
GRAND rescue rate | invoked : 0.006623
Info rescue rate | invoked  : 0.000000
Parity-only rescue | invoked: 0.006623
Phase1 / Phase2 success     : 0.000000 / 0.006623
Pools info/punc/txp         : 9.83 / 4.48 / 9.28
Avg GRAND patterns/failure  : 725.530
Avg phase1 / phase2 patterns: 592.397 / 133.132
Avg stage-1 decoder us      : 15184.246
Avg GRAND decoder us        : 1234.291
Avg total hybrid decoder us : 16418.537
[SAVE] summary=results/run_hybrid_ldpc_grand_aipig_20260403_it08_31842083_0/aipig_it08_20260404-000200_summary.csv
[SAVE] raw=results/run_hybrid_ldpc_grand_aipig_20260403_it08_31842083_0/aipig_it08_20260404-000200_raw.pkl
[SAVE] config=results/run_hybrid_ldpc_grand_aipig_20260403_it08_31842083_0/aipig_it08_20260404-000200_config.json
[SAVE] model=results/run_hybrid_ldpc_grand_aipig_20260403_it08_31842083_0/aipig_student_it08.npz
