{
  "errors": {},
  "python": "/scratch/rsadve1/venvs/grand5g/bin/python",
  "status": {
    "LDPC5GEncoder_ok": true,
    "TDL_ok": true,
    "numba_ok": true,
    "numpy_ok": true,
    "scipy_ok": true,
    "sionna_ok": true
  }
}
[SBATCH CONFIG] task=0 it=8 eval_snr=6.5,7.0,7.5,8.0,8.5 calib_snr=6.0,6.5,7.0,7.5
[SBATCH CONFIG] channel=SIONNA_TDL tdl=B delay=6.0e-8 speed=[0.2,1.0] cfo=4.0 csi=nr_imperfect
[SBATCH CONFIG] ppog cpus=64 snr_workers=5 max_patterns=50000 queue_cap=16384
[RUNTIME] python=/scratch/rsadve1/venvs/grand5g/bin/python
[RUNTIME] numba_available=True numba_threads=64 disable_numba=False
[RUNTIME] results_dir=results/run_hybrid_ldpc_grand_ppog_20260408_it08_33459470_0
[RUN] code=sionna5g_k1024_n2048_qm1 it=8 eval_snr=[6.5, 7.0, 7.5, 8.0, 8.5]
[RUN] calib={'calib_total_frames': 3713, 'calib_failed_frames': 1000, 'calib_bit_rows': 4087385, 'calib_block_rows': 51124, 'bit_model_ready': True, 'block_model_ready': True, 'bit_model_path': 'results/run_hybrid_ldpc_grand_ppog_20260408_it08_33459470_0/ppog_bit_student_it08.npz', 'block_model_path': 'results/run_hybrid_ldpc_grand_ppog_20260408_it08_33459470_0/ppog_block_student_it08.npz', 'pattern_stats_path': 'results/run_hybrid_ldpc_grand_ppog_20260408_it08_33459470_0/ppog_pattern_stats_it08.npz', 'size_choices': [4, 8, 12, 16, 24, 32]}
[RUN] ppog max_patterns=50000 pool=96 tx_info_pool=80 punct_pool=32 tx_par_pool=24
[RUN] eval_workers=5 threads_per_worker=12 total_cpus=64

=== PPOG HYBRID EVAL ===
SNR (dB)                         : 6.50
Frames simulated                 : 471
LDPC FER / BER                   : 2.123142e-01 / 3.275527e-02
Hybrid FER / BER                 : 2.123142e-01 / 3.275527e-02
Avg stage-1 iters/frame          : 4.887
Failed frame rate                : 0.212314
GRAND invocation rate            : 0.212314
GRAND rescue rate | invoked      : 0.000000
Info rescue rate | invoked       : 0.000000
Parity-only rescue | invoked     : 0.000000
Avg patterns tested | invoked    : 48834.740
Avg candidate pool | invoked     : 608.000
Avg predicted mass | invoked     : 1155.232
Avg block-peak | invoked         : 1.228
Avg queue max | invoked          : 2884.360
Avg queue dropped | invoked      : 228978.310
Avg zero-synd candidates | inv   : 0.000
Success pattern weight           : 0.000
Success first-cost               : 0.000
Avg stage-1 decoder us           : 13224.727
Avg GRAND decoder us             : 529505.065
Avg total hybrid decoder us      : 125646.184

=== PPOG HYBRID EVAL ===
SNR (dB)                         : 8.00
Frames simulated                 : 680
LDPC FER / BER                   : 1.470588e-01 / 1.933881e-02
Hybrid FER / BER                 : 1.470588e-01 / 1.933881e-02
Avg stage-1 iters/frame          : 4.341
Failed frame rate                : 0.147059
GRAND invocation rate            : 0.147059
GRAND rescue rate | invoked      : 0.000000
Info rescue rate | invoked       : 0.000000
Parity-only rescue | invoked     : 0.000000
Avg patterns tested | invoked    : 48165.980
Avg candidate pool | invoked     : 608.000
Avg predicted mass | invoked     : 1048.511
Avg block-peak | invoked         : 1.215
Avg queue max | invoked          : 3101.600
Avg queue dropped | invoked      : 285833.760
Avg zero-synd candidates | inv   : 0.000
Success pattern weight           : 0.000
Success first-cost               : 0.000
Avg stage-1 decoder us           : 9252.490
Avg GRAND decoder us             : 579603.774
Avg total hybrid decoder us      : 94488.339

=== PPOG HYBRID EVAL ===
SNR (dB)                         : 8.50
Frames simulated                 : 814
LDPC FER / BER                   : 1.228501e-01 / 1.594652e-02
Hybrid FER / BER                 : 1.228501e-01 / 1.594652e-02
Avg stage-1 iters/frame          : 4.090
Failed frame rate                : 0.122850
GRAND invocation rate            : 0.122850
GRAND rescue rate | invoked      : 0.000000
Info rescue rate | invoked       : 0.000000
Parity-only rescue | invoked     : 0.000000
Avg patterns tested | invoked    : 48594.850
Avg candidate pool | invoked     : 608.000
Avg predicted mass | invoked     : 993.287
Avg block-peak | invoked         : 1.232
Avg queue max | invoked          : 3321.080
Avg queue dropped | invoked      : 275759.570
Avg zero-synd candidates | inv   : 0.000
Success pattern weight           : 0.000
Success first-cost               : 0.000
Avg stage-1 decoder us           : 9160.286
Avg GRAND decoder us             : 561211.969
Avg total hybrid decoder us      : 78105.246

=== PPOG HYBRID EVAL ===
SNR (dB)                         : 7.50
Frames simulated                 : 517
LDPC FER / BER                   : 1.934236e-01 / 2.786698e-02
Hybrid FER / BER                 : 1.934236e-01 / 2.786698e-02
Avg stage-1 iters/frame          : 4.607
Failed frame rate                : 0.193424
GRAND invocation rate            : 0.193424
GRAND rescue rate | invoked      : 0.000000
Info rescue rate | invoked       : 0.000000
Parity-only rescue | invoked     : 0.000000
Avg patterns tested | invoked    : 47925.840
Avg candidate pool | invoked     : 608.000
Avg predicted mass | invoked     : 1059.294
Avg block-peak | invoked         : 1.198
Avg queue max | invoked          : 3531.320
Avg queue dropped | invoked      : 360512.900
Avg zero-synd candidates | inv   : 0.000
Success pattern weight           : 0.000
Success first-cost               : 0.000
Avg stage-1 decoder us           : 9951.598
Avg GRAND decoder us             : 660561.937
Avg total hybrid decoder us      : 137719.865

=== PPOG HYBRID EVAL ===
SNR (dB)                         : 7.00
Frames simulated                 : 560
LDPC FER / BER                   : 1.785714e-01 / 2.301200e-02
Hybrid FER / BER                 : 1.785714e-01 / 2.301200e-02
Avg stage-1 iters/frame          : 4.686
Failed frame rate                : 0.178571
GRAND invocation rate            : 0.178571
GRAND rescue rate | invoked      : 0.000000
Info rescue rate | invoked       : 0.000000
Parity-only rescue | invoked     : 0.000000
Avg patterns tested | invoked    : 47930.990
Avg candidate pool | invoked     : 608.000
Avg predicted mass | invoked     : 1010.539
Avg block-peak | invoked         : 1.203
Avg queue max | invoked          : 3365.600
Avg queue dropped | invoked      : 332625.700
Avg zero-synd candidates | inv   : 0.000
Success pattern weight           : 0.000
Success first-cost               : 0.000
Avg stage-1 decoder us           : 10725.861
Avg GRAND decoder us             : 643806.609
Avg total hybrid decoder us      : 125691.327
[SAVE] summary=results/run_hybrid_ldpc_grand_ppog_20260408_it08_33459470_0/ppog_it08_20260409-035109_summary.csv
[SAVE] raw=results/run_hybrid_ldpc_grand_ppog_20260408_it08_33459470_0/ppog_it08_20260409-035109_raw.pkl
[SAVE] config=results/run_hybrid_ldpc_grand_ppog_20260408_it08_33459470_0/ppog_it08_20260409-035109_config.json
[SAVE] bit_model=results/run_hybrid_ldpc_grand_ppog_20260408_it08_33459470_0/ppog_bit_student_it08.npz
[SAVE] block_model=results/run_hybrid_ldpc_grand_ppog_20260408_it08_33459470_0/ppog_block_student_it08.npz
[SAVE] pattern_stats=results/run_hybrid_ldpc_grand_ppog_20260408_it08_33459470_0/ppog_pattern_stats_it08.npz
