{
  "errors": {},
  "python": "/scratch/rsadve1/venvs/grand5g/bin/python",
  "status": {
    "LDPC5GEncoder_ok": true,
    "TDL_ok": true,
    "numba_ok": true,
    "numpy_ok": true,
    "scipy_ok": true,
    "sionna_ok": true
  }
}
[SBATCH CONFIG] task=0 it=8 eval_snr=7.0,7.5,8.0,8.5,9.0 calib_snr=6.5,7.0,7.5,8.0
[SBATCH CONFIG] channel=SIONNA_TDL tdl=B delay=1.0e-7 speed=[0.5,2.0] cfo=12.0 csi=nr_imperfect
[SBATCH CONFIG] aipogfix single_pool=96 tx_info=56 punct=24 tx_parity=16 max_patterns=200000 max_support=160
[RUNTIME] python=/scratch/rsadve1/venvs/grand5g/bin/python
[RUNTIME] numba_available=True numba_threads=32 disable_numba=False
[RUNTIME] results_dir=results/run_hybrid_ldpc_grand_aipogfix_20260406_it08_32851148_0
[RUN] code=sionna5g_k1024_n2048_qm1 it=8 eval_snr=[7.0, 7.5, 8.0, 8.5, 9.0]
[RUN] calib={'calib_total_frames': 3063, 'calib_failed_frames': 700, 'calib_bit_rows': 2716350, 'calib_block_rows': 35711, 'bit_model_ready': True, 'block_model_ready': True, 'bit_model_path': 'results/run_hybrid_ldpc_grand_aipogfix_20260406_it08_32851148_0/aipog_bit_student_it08.npz', 'block_model_path': 'results/run_hybrid_ldpc_grand_aipogfix_20260406_it08_32851148_0/aipog_block_student_it08.npz', 'pattern_stats_path': 'results/run_hybrid_ldpc_grand_aipogfix_20260406_it08_32851148_0/aipog_pattern_stats_it08.npz', 'size_choices': [2, 4, 8, 12, 16, 24, 32]}
[RUN] aipog max_patterns=200000 pool=96 tx_info_pool=56 punct_pool=24 tx_par_pool=16

=== AIPOG HYBRID EVAL ===
SNR (dB)                         : 7.00
Frames simulated                 : 621
LDPC FER / BER                   : 1.610306e-01 / 1.951395e-02
Hybrid FER / BER                 : 1.610306e-01 / 1.951395e-02
Avg stage-1 iters/frame          : 4.797
Failed frame rate                : 0.161031
GRAND invocation rate            : 0.161031
GRAND rescue rate | invoked      : 0.000000
Info rescue rate | invoked       : 0.000000
Parity-only rescue | invoked     : 0.000000
Avg patterns tested | invoked    : 200000.000
Avg candidate pool | invoked     : 96.000
Avg predicted mass | invoked     : 28.269
Avg block-peak | invoked         : 1.145
Avg queue max | invoked          : 198510.560
Avg zero-synd candidates | inv   : 0.000
Success pattern weight           : 0.000
Success first-cost               : 0.000
Avg stage-1 decoder us           : 71266.317
Avg GRAND decoder us             : 476955.800
Avg total hybrid decoder us      : 148070.793

=== AIPOG HYBRID EVAL ===
SNR (dB)                         : 7.50
Frames simulated                 : 761
LDPC FER / BER                   : 1.379763e-01 / 1.675555e-02
Hybrid FER / BER                 : 1.314060e-01 / 1.675555e-02
Avg stage-1 iters/frame          : 4.541
Failed frame rate                : 0.137976
GRAND invocation rate            : 0.137976
GRAND rescue rate | invoked      : 0.047619
Info rescue rate | invoked       : 0.000000
Parity-only rescue | invoked     : 0.047619
Avg patterns tested | invoked    : 190476.238
Avg candidate pool | invoked     : 96.000
Avg predicted mass | invoked     : 26.754
Avg block-peak | invoked         : 1.101
Avg queue max | invoked          : 189069.876
Avg zero-synd candidates | inv   : 0.048
Success pattern weight           : 1.000
Success first-cost               : 0.040
Avg stage-1 decoder us           : 73546.247
Avg GRAND decoder us             : 456755.085
Avg total hybrid decoder us      : 136567.645

=== AIPOG HYBRID EVAL ===
SNR (dB)                         : 8.00
Frames simulated                 : 910
LDPC FER / BER                   : 1.109890e-01 / 1.237552e-02
Hybrid FER / BER                 : 1.098901e-01 / 1.237552e-02
Avg stage-1 iters/frame          : 4.401
Failed frame rate                : 0.110989
GRAND invocation rate            : 0.110989
GRAND rescue rate | invoked      : 0.009901
Info rescue rate | invoked       : 0.000000
Parity-only rescue | invoked     : 0.009901
Avg patterns tested | invoked    : 198019.812
Avg candidate pool | invoked     : 96.000
Avg predicted mass | invoked     : 27.681
Avg block-peak | invoked         : 1.182
Avg queue max | invoked          : 196964.802
Avg zero-synd candidates | inv   : 0.010
Success pattern weight           : 1.000
Success first-cost               : 0.040
Avg stage-1 decoder us           : 57435.206
Avg GRAND decoder us             : 480499.170
Avg total hybrid decoder us      : 110765.334

=== AIPOG HYBRID EVAL ===
SNR (dB)                         : 8.50
Frames simulated                 : 957
LDPC FER / BER                   : 1.055381e-01 / 8.479869e-03
Hybrid FER / BER                 : 1.044932e-01 / 8.479869e-03
Avg stage-1 iters/frame          : 4.299
Failed frame rate                : 0.105538
GRAND invocation rate            : 0.105538
GRAND rescue rate | invoked      : 0.009901
Info rescue rate | invoked       : 0.000000
Parity-only rescue | invoked     : 0.009901
Avg patterns tested | invoked    : 198019.832
Avg candidate pool | invoked     : 96.000
Avg predicted mass | invoked     : 21.070
Avg block-peak | invoked         : 1.049
Avg queue max | invoked          : 195656.614
Avg zero-synd candidates | inv   : 0.010
Success pattern weight           : 2.000
Success first-cost               : 0.080
Avg stage-1 decoder us           : 50364.415
Avg GRAND decoder us             : 461523.878
Avg total hybrid decoder us      : 99072.787

=== AIPOG HYBRID EVAL ===
SNR (dB)                         : 9.00
Frames simulated                 : 1191
LDPC FER / BER                   : 8.648195e-02 / 9.299072e-03
Hybrid FER / BER                 : 8.396306e-02 / 9.299072e-03
Avg stage-1 iters/frame          : 4.119
Failed frame rate                : 0.086482
GRAND invocation rate            : 0.086482
GRAND rescue rate | invoked      : 0.029126
Info rescue rate | invoked       : 0.000000
Parity-only rescue | invoked     : 0.029126
Avg patterns tested | invoked    : 194174.806
Avg candidate pool | invoked     : 96.000
Avg predicted mass | invoked     : 25.619
Avg block-peak | invoked         : 1.103
Avg queue max | invoked          : 192740.010
Avg zero-synd candidates | inv   : 0.029
Success pattern weight           : 1.333
Success first-cost               : 0.053
Avg stage-1 decoder us           : 40738.580
Avg GRAND decoder us             : 452950.288
Avg total hybrid decoder us      : 79910.603
[SAVE] summary=results/run_hybrid_ldpc_grand_aipogfix_20260406_it08_32851148_0/aipog_it08_20260406-025654_summary.csv
[SAVE] raw=results/run_hybrid_ldpc_grand_aipogfix_20260406_it08_32851148_0/aipog_it08_20260406-025654_raw.pkl
[SAVE] config=results/run_hybrid_ldpc_grand_aipogfix_20260406_it08_32851148_0/aipog_it08_20260406-025654_config.json
[SAVE] bit_model=results/run_hybrid_ldpc_grand_aipogfix_20260406_it08_32851148_0/aipog_bit_student_it08.npz
[SAVE] block_model=results/run_hybrid_ldpc_grand_aipogfix_20260406_it08_32851148_0/aipog_block_student_it08.npz
[SAVE] pattern_stats=results/run_hybrid_ldpc_grand_aipogfix_20260406_it08_32851148_0/aipog_pattern_stats_it08.npz
