{
  "errors": {},
  "python": "/scratch/rsadve1/venvs/grand5g/bin/python",
  "status": {
    "LDPC5GEncoder_ok": true,
    "TDL_ok": true,
    "numba_ok": true,
    "numpy_ok": true,
    "scipy_ok": true,
    "sionna_ok": true
  }
}
[SBATCH CONFIG] task=2 it=25 eval_snr=11.0,11.5,12.0,12.5,13.0 calib_snr=10.5,11.0,11.5,12.0
[SBATCH CONFIG] channel=SIONNA_TDL tdl=C delay=3.0e-7 speed=[5.0,20.0] cfo=80.0 csi=nr_imperfect
[SBATCH CONFIG] budgets tiny/mid/full=32/128/384 weights=1.35/0.22/0.16
[RUN] code=sionna5g_k1024_n2048_qm1 it=25 eval_snr=[11.0, 11.5, 12.0, 12.5, 13.0]
[RUN] calib={'calib_total_frames': 3077, 'calib_failed_frames': 96, 'model_ready': True, 'model_path': 'results/run_hybrid_ldpc_grand_tgds_20260402_it25_31530296_2/tgds_student_it25.npz'}

=== TGDS HYBRID EVAL ===
SNR (dB)                    : 11.00
Frames simulated            : 6652
LDPC FER / BER              : 2.149729e-02 / 4.151712e-03
Hybrid FER / BER            : 2.104630e-02 / 4.151565e-03
Avg stage-1 iters/frame     : 4.933
GRAND invocation rate       : 0.021497
GRAND rescue rate | invoked : 0.020979
Avg GRAND patterns/failure  : 31.350
Avg stage-1 decoder us      : 224301.166
Avg GRAND decoder us        : 105.399
Avg total hybrid decoder us : 224406.565

=== TGDS HYBRID EVAL ===
SNR (dB)                    : 11.50
Frames simulated            : 8239
LDPC FER / BER              : 1.711373e-02 / 2.944622e-03
Hybrid FER / BER            : 1.699235e-02 / 2.944622e-03
Avg stage-1 iters/frame     : 4.704
GRAND invocation rate       : 0.017114
GRAND rescue rate | invoked : 0.007092
Avg GRAND patterns/failure  : 32.248
Avg stage-1 decoder us      : 193353.504
Avg GRAND decoder us        : 77.702
Avg total hybrid decoder us : 193431.206

=== TGDS HYBRID EVAL ===
SNR (dB)                    : 12.00
Frames simulated            : 11680
LDPC FER / BER              : 1.198630e-02 / 2.228787e-03
Hybrid FER / BER            : 1.198630e-02 / 2.228787e-03
Avg stage-1 iters/frame     : 4.432
GRAND invocation rate       : 0.011986
GRAND rescue rate | invoked : 0.000000
Avg GRAND patterns/failure  : 32.686
Avg stage-1 decoder us      : 3890.853
Avg GRAND decoder us        : 55.740
Avg total hybrid decoder us : 3946.592

=== TGDS HYBRID EVAL ===
SNR (dB)                    : 12.50
Frames simulated            : 16083
LDPC FER / BER              : 8.704844e-03 / 1.710366e-03
Hybrid FER / BER            : 8.704844e-03 / 1.710366e-03
Avg stage-1 iters/frame     : 4.279
GRAND invocation rate       : 0.008705
GRAND rescue rate | invoked : 0.000000
Avg GRAND patterns/failure  : 32.000
Avg stage-1 decoder us      : 3877.467
Avg GRAND decoder us        : 40.790
Avg total hybrid decoder us : 3918.257

=== TGDS HYBRID EVAL ===
SNR (dB)                    : 13.00
Frames simulated            : 19467
LDPC FER / BER              : 7.191658e-03 / 1.347884e-03
Hybrid FER / BER            : 7.191658e-03 / 1.347884e-03
Avg stage-1 iters/frame     : 4.139
GRAND invocation rate       : 0.007192
GRAND rescue rate | invoked : 0.000000
Avg GRAND patterns/failure  : 33.614
Avg stage-1 decoder us      : 4229.996
Avg GRAND decoder us        : 33.772
Avg total hybrid decoder us : 4263.768
[SAVE] summary=results/run_hybrid_ldpc_grand_tgds_20260402_it25_31530296_2/tgds_it25_20260403-144515_summary.csv
[SAVE] raw=results/run_hybrid_ldpc_grand_tgds_20260402_it25_31530296_2/tgds_it25_20260403-144515_raw.pkl
[SAVE] config=results/run_hybrid_ldpc_grand_tgds_20260402_it25_31530296_2/tgds_it25_20260403-144515_config.json
[SAVE] model=results/run_hybrid_ldpc_grand_tgds_20260402_it25_31530296_2/tgds_student_it25.npz
