{
  "errors": {},
  "python": "/scratch/rsadve1/venvs/grand5g/bin/python",
  "status": {
    "LDPC5GEncoder_ok": true,
    "TDL_ok": true,
    "pyparsing_ok": true,
    "sionna_ok": true,
    "six_ok": true
  }
}
[SBATCH CONFIG] SNR_SWEEP=9.0,9.5,10.0,10.5,11.0,11.5,12.0
[SBATCH CONFIG] LDPC_ITERS=15 STAGE1_ITERS=15
[SBATCH CONFIG] CHANNEL=SIONNA_TDL TDL=A DELAY=1.0e-7 SPEED=[0.5,2.0] CFO=20.0 CSI_MODE=block_ls
[SBATCH CONFIG] RUN_RECEIVER9=1 SNAPSHOTS=15 APPEND_FINAL=0 GATE=15 policy=probe_moe_roi_fix selection=ai_dual_safe_roi expected=hybairsafe15 dynamic=0 tiny/full/meta caps=1/1/0
Numba threads: 64
[HW model]  {'fclk_mhz': 800, 'ldpc_edges_per_cycle': 64, 'ldpc_bits_per_cycle_hd': 64, 'ldpc_iter_overhead_cycles': 20, 'grand_edges_per_cycle': 64, 'grand_checks_per_cycle': 64, 'grand_batch_overhead_cycles': 200, 'grand_abs_per_cycle': 64, 'grand_sort_elem_log2_per_cycle': 64, 'grand_cost_add_per_cycle': 64, 'grand_patsort_patlog2_per_cycle': 64, 'cluster_pair_edges_per_cycle': 0}
[RUN_EXPERIMENTS] codes=['sionna5g']  snr_sweep=[9.0, 9.5, 10.0, 10.5, 11.0, 11.5, 12.0]  out_dir=results/run_hybair_safe1_30813912
[RUN_EXPERIMENTS] mc_cfg=AdaptiveMCConfig(target_frame_errors=120, min_frames=0, max_frames=220000)
Fast decoding structures prepared: 20488 edges
[RUN_EXPERIMENTS] Built code: sionna5g_k1024_n2048_qm1
[run_awgn_sweep_for_code] SNR-parallel ON: n_jobs=4, threads/worker=16, backend=loky
[save_awgn_results] Wrote raw results : results/run_hybair_safe1_30813912/sionna_tdl_sionna5g_k1024_n2048_qm1_hybrid_20260331-161416_raw.pkl
[save_awgn_results] Wrote mean summary: results/run_hybair_safe1_30813912/sionna_tdl_sionna5g_k1024_n2048_qm1_hybrid_20260331-161416_summary.csv
[save_awgn_results] Wrote tails summary: results/run_hybair_safe1_30813912/sionna_tdl_sionna5g_k1024_n2048_qm1_hybrid_20260331-161416_summary_tails.csv

=== Adaptive LDPC-only Monte-Carlo (channel=SIONNA_TDL) ===
Decoder label                 : ldpc15
SNR (dB)                      : 10.50
Frames simulated              : 3296
Frame errors                  : 120 (target=120)
Bit error rate (BER)          : 9.642e-03
Frame error rate (FER)        : 3.641e-02
Avg LDPC iterations/frame     : 4.58
Avg HW cycles/frame           : 6373.86
Avg HW decode time/frame      : 7.97 µs
HW model (fclk_mhz)            : 800.0 MHz
[VERIFY] Receiver9 decoder=hybairsafe15 policy=probe_moe_roi_fix selection=ai_dual_safe_roi snapshots=[15]

=== Adaptive HYBRID Monte-Carlo (channel=SIONNA_TDL) ===
Decoder label                 : hybairsafe15
SNR (dB)                      : 10.50
Frames simulated              : 3296
Final frame errors            : 120 (target=120)
Stage-1 BER                   : 9.642e-03
Stage-1 FER                   : 3.641e-02
Final BER (LDPC+GRAND)        : 9.642e-03
Final FER (LDPC+GRAND)        : 3.641e-02
Avg stage-1 iters/frame       : 4.58
Avg HW time/frame (stage-1)   : 7.97 µs
Avg HW time/frame (GRAND)     : 23.04 µs
Avg HW time/frame (total)     : 31.01 µs

=== Adaptive LDPC-only Monte-Carlo (channel=SIONNA_TDL) ===
Decoder label                 : ldpc15
SNR (dB)                      : 9.00
Frames simulated              : 1432
Frame errors                  : 120 (target=120)
Bit error rate (BER)          : 2.378e-02
Frame error rate (FER)        : 8.380e-02
Avg LDPC iterations/frame     : 5.42
Avg HW cycles/frame           : 7560.67
Avg HW decode time/frame      : 9.45 µs
HW model (fclk_mhz)            : 800.0 MHz
[VERIFY] Receiver9 decoder=hybairsafe15 policy=probe_moe_roi_fix selection=ai_dual_safe_roi snapshots=[15]

=== Adaptive HYBRID Monte-Carlo (channel=SIONNA_TDL) ===
Decoder label                 : hybairsafe15
SNR (dB)                      : 9.00
Frames simulated              : 1432
Final frame errors            : 120 (target=120)
Stage-1 BER                   : 2.378e-02
Stage-1 FER                   : 8.380e-02
Final BER (LDPC+GRAND)        : 2.378e-02
Final FER (LDPC+GRAND)        : 8.380e-02
Avg stage-1 iters/frame       : 5.42
Avg HW time/frame (stage-1)   : 9.45 µs
Avg HW time/frame (GRAND)     : 9.78 µs
Avg HW time/frame (total)     : 19.23 µs

=== Adaptive LDPC-only Monte-Carlo (channel=SIONNA_TDL) ===
Decoder label                 : ldpc15
SNR (dB)                      : 11.00
Frames simulated              : 3954
Frame errors                  : 120 (target=120)
Bit error rate (BER)          : 8.311e-03
Frame error rate (FER)        : 3.035e-02
Avg LDPC iterations/frame     : 4.39
Avg HW cycles/frame           : 6103.92
Avg HW decode time/frame      : 7.63 µs
HW model (fclk_mhz)            : 800.0 MHz
[VERIFY] Receiver9 decoder=hybairsafe15 policy=probe_moe_roi_fix selection=ai_dual_safe_roi snapshots=[15]

=== Adaptive HYBRID Monte-Carlo (channel=SIONNA_TDL) ===
Decoder label                 : hybairsafe15
SNR (dB)                      : 11.00
Frames simulated              : 4034
Final frame errors            : 120 (target=120)
Stage-1 BER                   : 8.342e-03
Stage-1 FER                   : 3.074e-02
Final BER (LDPC+GRAND)        : 8.340e-03
Final FER (LDPC+GRAND)        : 2.975e-02
Avg stage-1 iters/frame       : 4.39
Avg HW time/frame (stage-1)   : 7.63 µs
Avg HW time/frame (GRAND)     : 18.94 µs
Avg HW time/frame (total)     : 26.57 µs

=== Adaptive LDPC-only Monte-Carlo (channel=SIONNA_TDL) ===
Decoder label                 : ldpc15
SNR (dB)                      : 9.50
Frames simulated              : 2139
Frame errors                  : 120 (target=120)
Bit error rate (BER)          : 1.497e-02
Frame error rate (FER)        : 5.610e-02
Avg LDPC iterations/frame     : 5.01
Avg HW cycles/frame           : 6970.80
Avg HW decode time/frame      : 8.71 µs
HW model (fclk_mhz)            : 800.0 MHz
[VERIFY] Receiver9 decoder=hybairsafe15 policy=probe_moe_roi_fix selection=ai_dual_safe_roi snapshots=[15]

=== Adaptive HYBRID Monte-Carlo (channel=SIONNA_TDL) ===
Decoder label                 : hybairsafe15
SNR (dB)                      : 9.50
Frames simulated              : 2193
Final frame errors            : 120 (target=120)
Stage-1 BER                   : 1.497e-02
Stage-1 FER                   : 5.609e-02
Final BER (LDPC+GRAND)        : 1.497e-02
Final FER (LDPC+GRAND)        : 5.472e-02
Avg stage-1 iters/frame       : 5.02
Avg HW time/frame (stage-1)   : 8.74 µs
Avg HW time/frame (GRAND)     : 8.23 µs
Avg HW time/frame (total)     : 16.97 µs

=== Adaptive LDPC-only Monte-Carlo (channel=SIONNA_TDL) ===
Decoder label                 : ldpc15
SNR (dB)                      : 11.50
Frames simulated              : 5018
Frame errors                  : 120 (target=120)
Bit error rate (BER)          : 5.933e-03
Frame error rate (FER)        : 2.391e-02
Avg LDPC iterations/frame     : 4.19
Avg HW cycles/frame           : 5826.36
Avg HW decode time/frame      : 7.28 µs
HW model (fclk_mhz)            : 800.0 MHz
[VERIFY] Receiver9 decoder=hybairsafe15 policy=probe_moe_roi_fix selection=ai_dual_safe_roi snapshots=[15]

=== Adaptive HYBRID Monte-Carlo (channel=SIONNA_TDL) ===
Decoder label                 : hybairsafe15
SNR (dB)                      : 11.50
Frames simulated              : 5105
Final frame errors            : 120 (target=120)
Stage-1 BER                   : 5.957e-03
Stage-1 FER                   : 2.390e-02
Final BER (LDPC+GRAND)        : 5.956e-03
Final FER (LDPC+GRAND)        : 2.351e-02
Avg stage-1 iters/frame       : 4.19
Avg HW time/frame (stage-1)   : 7.29 µs
Avg HW time/frame (GRAND)     : 14.01 µs
Avg HW time/frame (total)     : 21.29 µs

=== Adaptive LDPC-only Monte-Carlo (channel=SIONNA_TDL) ===
Decoder label                 : ldpc15
SNR (dB)                      : 10.00
Frames simulated              : 2399
Frame errors                  : 120 (target=120)
Bit error rate (BER)          : 1.330e-02
Frame error rate (FER)        : 5.002e-02
Avg LDPC iterations/frame     : 4.78
Avg HW cycles/frame           : 6654.19
Avg HW decode time/frame      : 8.32 µs
HW model (fclk_mhz)            : 800.0 MHz
[VERIFY] Receiver9 decoder=hybairsafe15 policy=probe_moe_roi_fix selection=ai_dual_safe_roi snapshots=[15]

=== Adaptive HYBRID Monte-Carlo (channel=SIONNA_TDL) ===
Decoder label                 : hybairsafe15
SNR (dB)                      : 10.00
Frames simulated              : 2405
Final frame errors            : 120 (target=120)
Stage-1 BER                   : 1.336e-02
Stage-1 FER                   : 5.031e-02
Final BER (LDPC+GRAND)        : 1.336e-02
Final FER (LDPC+GRAND)        : 4.990e-02
Avg stage-1 iters/frame       : 4.78
Avg HW time/frame (stage-1)   : 8.32 µs
Avg HW time/frame (GRAND)     : 26.24 µs
Avg HW time/frame (total)     : 34.56 µs

=== Adaptive LDPC-only Monte-Carlo (channel=SIONNA_TDL) ===
Decoder label                 : ldpc15
SNR (dB)                      : 12.00
Frames simulated              : 6415
Frame errors                  : 120 (target=120)
Bit error rate (BER)          : 5.139e-03
Frame error rate (FER)        : 1.871e-02
Avg LDPC iterations/frame     : 4.04
Avg HW cycles/frame           : 5620.25
Avg HW decode time/frame      : 7.03 µs
HW model (fclk_mhz)            : 800.0 MHz
[VERIFY] Receiver9 decoder=hybairsafe15 policy=probe_moe_roi_fix selection=ai_dual_safe_roi snapshots=[15]

=== Adaptive HYBRID Monte-Carlo (channel=SIONNA_TDL) ===
Decoder label                 : hybairsafe15
SNR (dB)                      : 12.00
Frames simulated              : 6455
Final frame errors            : 120 (target=120)
Stage-1 BER                   : 5.236e-03
Stage-1 FER                   : 1.905e-02
Final BER (LDPC+GRAND)        : 5.235e-03
Final FER (LDPC+GRAND)        : 1.859e-02
Avg stage-1 iters/frame       : 4.05
Avg HW time/frame (stage-1)   : 7.03 µs
Avg HW time/frame (GRAND)     : 12.17 µs
Avg HW time/frame (total)     : 19.20 µs
