{
  "errors": {},
  "python": "/scratch/rsadve1/venvs/grand5g/bin/python",
  "status": {
    "LDPC5GEncoder_ok": true,
    "TDL_ok": true,
    "pyparsing_ok": true,
    "sionna_ok": true,
    "six_ok": true
  }
}
[SBATCH CONFIG] SNR_SWEEP=9.0,9.5,10.0,10.5,11.0,11.5,12.0,12.5,13.0
[SBATCH CONFIG] LDPC_ITERS=15 STAGE1_ITERS=15
[SBATCH CONFIG] CHANNEL=SIONNA_TDL TDL=B DELAY=4e-7 SPEED=[2.0,6.0] CFO=60.0 CSI_MODE=nr_imperfect
[SBATCH CONFIG] RUN_RECEIVER9=1 SNAPSHOTS=4,8,12 GATE=4 policy=distilled_tree_roi selection=ai_rank_roi expected=hybairroi15 dynamic=1 tiny/full/meta caps=1/2/3
Numba threads: 64
[HW model]  {'fclk_mhz': 800, 'ldpc_edges_per_cycle': 64, 'ldpc_bits_per_cycle_hd': 64, 'ldpc_iter_overhead_cycles': 20, 'grand_edges_per_cycle': 64, 'grand_checks_per_cycle': 64, 'grand_batch_overhead_cycles': 200, 'grand_abs_per_cycle': 64, 'grand_sort_elem_log2_per_cycle': 64, 'grand_cost_add_per_cycle': 64, 'grand_patsort_patlog2_per_cycle': 64, 'cluster_pair_edges_per_cycle': 0}
[RUN_EXPERIMENTS] codes=['sionna5g']  snr_sweep=[9.0, 9.5, 10.0, 10.5, 11.0, 11.5, 12.0, 12.5, 13.0]  out_dir=results/run_best_hybrid_30549103
[RUN_EXPERIMENTS] mc_cfg=AdaptiveMCConfig(target_frame_errors=120, min_frames=0, max_frames=220000)
Fast decoding structures prepared: 20488 edges
[RUN_EXPERIMENTS] Built code: sionna5g_k1024_n2048_qm1
[run_awgn_sweep_for_code] SNR-parallel ON: n_jobs=4, threads/worker=16, backend=loky
[save_awgn_results] Wrote raw results : results/run_best_hybrid_30549103/sionna_tdl_sionna5g_k1024_n2048_qm1_hybrid_20260329-221335_raw.pkl
[save_awgn_results] Wrote mean summary: results/run_best_hybrid_30549103/sionna_tdl_sionna5g_k1024_n2048_qm1_hybrid_20260329-221335_summary.csv
[save_awgn_results] Wrote tails summary: results/run_best_hybrid_30549103/sionna_tdl_sionna5g_k1024_n2048_qm1_hybrid_20260329-221335_summary_tails.csv

=== Adaptive LDPC-only Monte-Carlo (channel=SIONNA_TDL) ===
Decoder label                 : ldpc15
SNR (dB)                      : 9.50
Frames simulated              : 1586
Frame errors                  : 120 (target=120)
Bit error rate (BER)          : 1.687e-02
Frame error rate (FER)        : 7.566e-02
Avg LDPC iterations/frame     : 6.31
Avg HW cycles/frame           : 8789.18
Avg HW decode time/frame      : 10.99 µs
HW model (fclk_mhz)            : 800.0 MHz
[VERIFY] Receiver9 decoder=hybairroi15 policy=distilled_tree_roi selection=ai_rank_roi snapshots=[4, 8, 12, 15]

=== Adaptive HYBRID Monte-Carlo (channel=SIONNA_TDL) ===
Decoder label                 : hybairroi15
SNR (dB)                      : 9.50
Frames simulated              : 1779
Final frame errors            : 120 (target=120)
Stage-1 BER                   : 1.648e-02
Stage-1 FER                   : 7.476e-02
Final BER (LDPC+GRAND)        : 1.623e-02
Final FER (LDPC+GRAND)        : 6.745e-02
Avg stage-1 iters/frame       : 6.28
Avg HW time/frame (stage-1)   : 10.94 µs
Avg HW time/frame (GRAND)     : 66.16 µs
Avg HW time/frame (total)     : 77.10 µs

=== Adaptive LDPC-only Monte-Carlo (channel=SIONNA_TDL) ===
Decoder label                 : ldpc15
SNR (dB)                      : 11.00
Frames simulated              : 3527
Frame errors                  : 120 (target=120)
Bit error rate (BER)          : 6.276e-03
Frame error rate (FER)        : 3.402e-02
Avg LDPC iterations/frame     : 5.32
Avg HW cycles/frame           : 7393.85
Avg HW decode time/frame      : 9.24 µs
HW model (fclk_mhz)            : 800.0 MHz
[VERIFY] Receiver9 decoder=hybairroi15 policy=distilled_tree_roi selection=ai_rank_roi snapshots=[4, 8, 12, 15]

=== Adaptive HYBRID Monte-Carlo (channel=SIONNA_TDL) ===
Decoder label                 : hybairroi15
SNR (dB)                      : 11.00
Frames simulated              : 4058
Final frame errors            : 120 (target=120)
Stage-1 BER                   : 6.640e-03
Stage-1 FER                   : 3.499e-02
Final BER (LDPC+GRAND)        : 6.548e-03
Final FER (LDPC+GRAND)        : 2.957e-02
Avg stage-1 iters/frame       : 5.33
Avg HW time/frame (stage-1)   : 9.27 µs
Avg HW time/frame (GRAND)     : 29.95 µs
Avg HW time/frame (total)     : 39.22 µs

=== Adaptive LDPC-only Monte-Carlo (channel=SIONNA_TDL) ===
Decoder label                 : ldpc15
SNR (dB)                      : 10.00
Frames simulated              : 1944
Frame errors                  : 120 (target=120)
Bit error rate (BER)          : 1.438e-02
Frame error rate (FER)        : 6.173e-02
Avg LDPC iterations/frame     : 5.98
Avg HW cycles/frame           : 8323.81
Avg HW decode time/frame      : 10.40 µs
HW model (fclk_mhz)            : 800.0 MHz
[VERIFY] Receiver9 decoder=hybairroi15 policy=distilled_tree_roi selection=ai_rank_roi snapshots=[4, 8, 12, 15]

=== Adaptive HYBRID Monte-Carlo (channel=SIONNA_TDL) ===
Decoder label                 : hybairroi15
SNR (dB)                      : 10.00
Frames simulated              : 2179
Final frame errors            : 120 (target=120)
Stage-1 BER                   : 1.382e-02
Stage-1 FER                   : 6.150e-02
Final BER (LDPC+GRAND)        : 1.359e-02
Final FER (LDPC+GRAND)        : 5.507e-02
Avg stage-1 iters/frame       : 5.97
Avg HW time/frame (stage-1)   : 10.39 µs
Avg HW time/frame (GRAND)     : 54.42 µs
Avg HW time/frame (total)     : 64.81 µs

=== Adaptive LDPC-only Monte-Carlo (channel=SIONNA_TDL) ===
Decoder label                 : ldpc15
SNR (dB)                      : 12.00
Frames simulated              : 5663
Frame errors                  : 120 (target=120)
Bit error rate (BER)          : 4.179e-03
Frame error rate (FER)        : 2.119e-02
Avg LDPC iterations/frame     : 4.95
Avg HW cycles/frame           : 6876.50
Avg HW decode time/frame      : 8.60 µs
HW model (fclk_mhz)            : 800.0 MHz
[VERIFY] Receiver9 decoder=hybairroi15 policy=distilled_tree_roi selection=ai_rank_roi snapshots=[4, 8, 12, 15]

=== Adaptive HYBRID Monte-Carlo (channel=SIONNA_TDL) ===
Decoder label                 : hybairroi15
SNR (dB)                      : 12.00
Frames simulated              : 6531
Final frame errors            : 120 (target=120)
Stage-1 BER                   : 4.247e-03
Stage-1 FER                   : 2.174e-02
Final BER (LDPC+GRAND)        : 4.203e-03
Final FER (LDPC+GRAND)        : 1.837e-02
Avg stage-1 iters/frame       : 4.95
Avg HW time/frame (stage-1)   : 8.60 µs
Avg HW time/frame (GRAND)     : 18.19 µs
Avg HW time/frame (total)     : 26.78 µs

=== Adaptive LDPC-only Monte-Carlo (channel=SIONNA_TDL) ===
Decoder label                 : ldpc15
SNR (dB)                      : 9.00
Frames simulated              : 1258
Frame errors                  : 120 (target=120)
Bit error rate (BER)          : 2.241e-02
Frame error rate (FER)        : 9.539e-02
Avg LDPC iterations/frame     : 6.60
Avg HW cycles/frame           : 9196.03
Avg HW decode time/frame      : 11.50 µs
HW model (fclk_mhz)            : 800.0 MHz
[VERIFY] Receiver9 decoder=hybairroi15 policy=distilled_tree_roi selection=ai_rank_roi snapshots=[4, 8, 12, 15]

=== Adaptive HYBRID Monte-Carlo (channel=SIONNA_TDL) ===
Decoder label                 : hybairroi15
SNR (dB)                      : 9.00
Frames simulated              : 1425
Final frame errors            : 120 (target=120)
Stage-1 BER                   : 2.231e-02
Stage-1 FER                   : 9.544e-02
Final BER (LDPC+GRAND)        : 2.166e-02
Final FER (LDPC+GRAND)        : 8.421e-02
Avg stage-1 iters/frame       : 6.60
Avg HW time/frame (stage-1)   : 11.50 µs
Avg HW time/frame (GRAND)     : 83.29 µs
Avg HW time/frame (total)     : 94.80 µs

=== Adaptive LDPC-only Monte-Carlo (channel=SIONNA_TDL) ===
Decoder label                 : ldpc15
SNR (dB)                      : 12.50
Frames simulated              : 6043
Frame errors                  : 120 (target=120)
Bit error rate (BER)          : 3.457e-03
Frame error rate (FER)        : 1.986e-02
Avg LDPC iterations/frame     : 4.83
Avg HW cycles/frame           : 6714.86
Avg HW decode time/frame      : 8.39 µs
HW model (fclk_mhz)            : 800.0 MHz
[VERIFY] Receiver9 decoder=hybairroi15 policy=distilled_tree_roi selection=ai_rank_roi snapshots=[4, 8, 12, 15]

=== Adaptive HYBRID Monte-Carlo (channel=SIONNA_TDL) ===
Decoder label                 : hybairroi15
SNR (dB)                      : 12.50
Frames simulated              : 7408
Final frame errors            : 120 (target=120)
Stage-1 BER                   : 3.605e-03
Stage-1 FER                   : 2.092e-02
Final BER (LDPC+GRAND)        : 3.513e-03
Final FER (LDPC+GRAND)        : 1.620e-02
Avg stage-1 iters/frame       : 4.83
Avg HW time/frame (stage-1)   : 8.39 µs
Avg HW time/frame (GRAND)     : 17.38 µs
Avg HW time/frame (total)     : 25.78 µs

=== Adaptive LDPC-only Monte-Carlo (channel=SIONNA_TDL) ===
Decoder label                 : ldpc15
SNR (dB)                      : 10.50
Frames simulated              : 2418
Frame errors                  : 120 (target=120)
Bit error rate (BER)          : 1.182e-02
Frame error rate (FER)        : 4.963e-02
Avg LDPC iterations/frame     : 5.57
Avg HW cycles/frame           : 7753.09
Avg HW decode time/frame      : 9.69 µs
HW model (fclk_mhz)            : 800.0 MHz
[VERIFY] Receiver9 decoder=hybairroi15 policy=distilled_tree_roi selection=ai_rank_roi snapshots=[4, 8, 12, 15]

=== Adaptive HYBRID Monte-Carlo (channel=SIONNA_TDL) ===
Decoder label                 : hybairroi15
SNR (dB)                      : 10.50
Frames simulated              : 2652
Final frame errors            : 120 (target=120)
Stage-1 BER                   : 1.215e-02
Stage-1 FER                   : 5.015e-02
Final BER (LDPC+GRAND)        : 1.177e-02
Final FER (LDPC+GRAND)        : 4.525e-02
Avg stage-1 iters/frame       : 5.60
Avg HW time/frame (stage-1)   : 9.74 µs
Avg HW time/frame (GRAND)     : 44.33 µs
Avg HW time/frame (total)     : 54.07 µs

=== Adaptive LDPC-only Monte-Carlo (channel=SIONNA_TDL) ===
Decoder label                 : ldpc15
SNR (dB)                      : 11.50
Frames simulated              : 3864
Frame errors                  : 120 (target=120)
Bit error rate (BER)          : 6.221e-03
Frame error rate (FER)        : 3.106e-02
Avg LDPC iterations/frame     : 5.19
Avg HW cycles/frame           : 7225.65
Avg HW decode time/frame      : 9.03 µs
HW model (fclk_mhz)            : 800.0 MHz
[VERIFY] Receiver9 decoder=hybairroi15 policy=distilled_tree_roi selection=ai_rank_roi snapshots=[4, 8, 12, 15]

=== Adaptive HYBRID Monte-Carlo (channel=SIONNA_TDL) ===
Decoder label                 : hybairroi15
SNR (dB)                      : 11.50
Frames simulated              : 4438
Final frame errors            : 120 (target=120)
Stage-1 BER                   : 6.192e-03
Stage-1 FER                   : 3.177e-02
Final BER (LDPC+GRAND)        : 6.095e-03
Final FER (LDPC+GRAND)        : 2.704e-02
Avg stage-1 iters/frame       : 5.21
Avg HW time/frame (stage-1)   : 9.06 µs
Avg HW time/frame (GRAND)     : 27.38 µs
Avg HW time/frame (total)     : 36.45 µs

=== Adaptive LDPC-only Monte-Carlo (channel=SIONNA_TDL) ===
Decoder label                 : ldpc15
SNR (dB)                      : 13.00
Frames simulated              : 7539
Frame errors                  : 120 (target=120)
Bit error rate (BER)          : 3.125e-03
Frame error rate (FER)        : 1.592e-02
Avg LDPC iterations/frame     : 4.68
Avg HW cycles/frame           : 6499.09
Avg HW decode time/frame      : 8.12 µs
HW model (fclk_mhz)            : 800.0 MHz
[VERIFY] Receiver9 decoder=hybairroi15 policy=distilled_tree_roi selection=ai_rank_roi snapshots=[4, 8, 12, 15]

=== Adaptive HYBRID Monte-Carlo (channel=SIONNA_TDL) ===
Decoder label                 : hybairroi15
SNR (dB)                      : 13.00
Frames simulated              : 9010
Final frame errors            : 120 (target=120)
Stage-1 BER                   : 3.090e-03
Stage-1 FER                   : 1.587e-02
Final BER (LDPC+GRAND)        : 2.988e-03
Final FER (LDPC+GRAND)        : 1.332e-02
Avg stage-1 iters/frame       : 4.68
Avg HW time/frame (stage-1)   : 8.14 µs
Avg HW time/frame (GRAND)     : 13.67 µs
Avg HW time/frame (total)     : 21.81 µs
