{
  "errors": {},
  "python": "/scratch/rsadve1/venvs/grand5g/bin/python",
  "status": {
    "LDPC5GEncoder_ok": true,
    "TDL_ok": true,
    "pyparsing_ok": true,
    "sionna_ok": true,
    "six_ok": true
  }
}
[SBATCH CONFIG] SNR_SWEEP=9.0,9.5,10.0,10.5,11.0,11.5,12.0,12.5,13.0
[SBATCH CONFIG] LDPC_ITERS=15 STAGE1_ITERS=15
[SBATCH CONFIG] CHANNEL=SIONNA_TDL TDL=B DELAY=1.5e-7 SPEED=[1.0,3.0] CFO=30.0 CSI_MODE=block_ls
[SBATCH CONFIG] RUN_RECEIVER9=1 SNAPSHOTS=4 APPEND_FINAL=0 GATE=4 policy=probe_moe_roi_fix selection=ai_tanner_subgraph_roi expected=hybairtgsub15 dynamic=0 tiny/full/meta caps=1/1/1
Numba threads: 64
[HW model]  {'fclk_mhz': 800, 'ldpc_edges_per_cycle': 64, 'ldpc_bits_per_cycle_hd': 64, 'ldpc_iter_overhead_cycles': 20, 'grand_edges_per_cycle': 64, 'grand_checks_per_cycle': 64, 'grand_batch_overhead_cycles': 200, 'grand_abs_per_cycle': 64, 'grand_sort_elem_log2_per_cycle': 64, 'grand_cost_add_per_cycle': 64, 'grand_patsort_patlog2_per_cycle': 64, 'cluster_pair_edges_per_cycle': 0}
[RUN_EXPERIMENTS] codes=['sionna5g']  snr_sweep=[9.0, 9.5, 10.0, 10.5, 11.0, 11.5, 12.0, 12.5, 13.0]  out_dir=results/run_hybair_tg2_real_30758432
[RUN_EXPERIMENTS] mc_cfg=AdaptiveMCConfig(target_frame_errors=120, min_frames=0, max_frames=220000)
Fast decoding structures prepared: 20488 edges
[RUN_EXPERIMENTS] Built code: sionna5g_k1024_n2048_qm1
[run_awgn_sweep_for_code] SNR-parallel ON: n_jobs=4, threads/worker=16, backend=loky

=== Adaptive LDPC-only Monte-Carlo (channel=SIONNA_TDL) ===
Decoder label                 : ldpc15
SNR (dB)                      : 10.00
Frames simulated              : 3974
Frame errors                  : 120 (target=120)
Bit error rate (BER)          : 7.159e-03
Frame error rate (FER)        : 3.020e-02
Avg LDPC iterations/frame     : 4.59
Avg HW cycles/frame           : 6390.22
Avg HW decode time/frame      : 7.99 µs
HW model (fclk_mhz)            : 800.0 MHz
[VERIFY] Receiver9 decoder=hybairtgsub15 policy=probe_moe_roi_fix selection=ai_tanner_subgraph_roi snapshots=[4]

=== Adaptive HYBRID Monte-Carlo (channel=SIONNA_TDL) ===
Decoder label                 : hybairtgsub15
SNR (dB)                      : 10.00
Frames simulated              : 4060
Final frame errors            : 120 (target=120)
Stage-1 BER                   : 7.086e-03
Stage-1 FER                   : 3.030e-02
Final BER (LDPC+GRAND)        : 7.053e-03
Final FER (LDPC+GRAND)        : 2.956e-02
Avg stage-1 iters/frame       : 4.59
Avg HW time/frame (stage-1)   : 7.99 µs
Avg HW time/frame (GRAND)     : 41.06 µs
Avg HW time/frame (total)     : 49.05 µs

=== Adaptive LDPC-only Monte-Carlo (channel=SIONNA_TDL) ===
Decoder label                 : ldpc15
SNR (dB)                      : 12.00
Frames simulated              : 15819
Frame errors                  : 120 (target=120)
Bit error rate (BER)          : 1.532e-03
Frame error rate (FER)        : 7.586e-03
Avg LDPC iterations/frame     : 3.82
Avg HW cycles/frame           : 5307.84
Avg HW decode time/frame      : 6.63 µs
HW model (fclk_mhz)            : 800.0 MHz
[VERIFY] Receiver9 decoder=hybairtgsub15 policy=probe_moe_roi_fix selection=ai_tanner_subgraph_roi snapshots=[4]

=== Adaptive HYBRID Monte-Carlo (channel=SIONNA_TDL) ===
Decoder label                 : hybairtgsub15
SNR (dB)                      : 12.00
Frames simulated              : 15819
Final frame errors            : 120 (target=120)
Stage-1 BER                   : 1.532e-03
Stage-1 FER                   : 7.586e-03
Final BER (LDPC+GRAND)        : 1.532e-03
Final FER (LDPC+GRAND)        : 7.586e-03
Avg stage-1 iters/frame       : 3.82
Avg HW time/frame (stage-1)   : 6.63 µs
Avg HW time/frame (GRAND)     : 0.81 µs
Avg HW time/frame (total)     : 7.44 µs
[save_awgn_results] Wrote raw results : results/run_hybair_tg2_real_30758432/sionna_tdl_sionna5g_k1024_n2048_qm1_hybrid_20260331-083948_raw.pkl
[save_awgn_results] Wrote mean summary: results/run_hybair_tg2_real_30758432/sionna_tdl_sionna5g_k1024_n2048_qm1_hybrid_20260331-083948_summary.csv
[save_awgn_results] Wrote tails summary: results/run_hybair_tg2_real_30758432/sionna_tdl_sionna5g_k1024_n2048_qm1_hybrid_20260331-083948_summary_tails.csv

=== Adaptive LDPC-only Monte-Carlo (channel=SIONNA_TDL) ===
Decoder label                 : ldpc15
SNR (dB)                      : 9.00
Frames simulated              : 2242
Frame errors                  : 120 (target=120)
Bit error rate (BER)          : 1.295e-02
Frame error rate (FER)        : 5.352e-02
Avg LDPC iterations/frame     : 5.16
Avg HW cycles/frame           : 7190.17
Avg HW decode time/frame      : 8.99 µs
HW model (fclk_mhz)            : 800.0 MHz
[VERIFY] Receiver9 decoder=hybairtgsub15 policy=probe_moe_roi_fix selection=ai_tanner_subgraph_roi snapshots=[4]

=== Adaptive HYBRID Monte-Carlo (channel=SIONNA_TDL) ===
Decoder label                 : hybairtgsub15
SNR (dB)                      : 9.00
Frames simulated              : 2302
Final frame errors            : 120 (target=120)
Stage-1 BER                   : 1.323e-02
Stage-1 FER                   : 5.387e-02
Final BER (LDPC+GRAND)        : 1.323e-02
Final FER (LDPC+GRAND)        : 5.213e-02
Avg stage-1 iters/frame       : 5.17
Avg HW time/frame (stage-1)   : 9.01 µs
Avg HW time/frame (GRAND)     : 68.94 µs
Avg HW time/frame (total)     : 77.95 µs

=== Adaptive LDPC-only Monte-Carlo (channel=SIONNA_TDL) ===
Decoder label                 : ldpc15
SNR (dB)                      : 11.00
Frames simulated              : 7437
Frame errors                  : 120 (target=120)
Bit error rate (BER)          : 3.859e-03
Frame error rate (FER)        : 1.614e-02
Avg LDPC iterations/frame     : 4.12
Avg HW cycles/frame           : 5726.28
Avg HW decode time/frame      : 7.16 µs
HW model (fclk_mhz)            : 800.0 MHz
[VERIFY] Receiver9 decoder=hybairtgsub15 policy=probe_moe_roi_fix selection=ai_tanner_subgraph_roi snapshots=[4]

=== Adaptive HYBRID Monte-Carlo (channel=SIONNA_TDL) ===
Decoder label                 : hybairtgsub15
SNR (dB)                      : 11.00
Frames simulated              : 7437
Final frame errors            : 120 (target=120)
Stage-1 BER                   : 3.859e-03
Stage-1 FER                   : 1.614e-02
Final BER (LDPC+GRAND)        : 3.859e-03
Final FER (LDPC+GRAND)        : 1.614e-02
Avg stage-1 iters/frame       : 4.12
Avg HW time/frame (stage-1)   : 7.16 µs
Avg HW time/frame (GRAND)     : 1.72 µs
Avg HW time/frame (total)     : 8.88 µs

=== Adaptive LDPC-only Monte-Carlo (channel=SIONNA_TDL) ===
Decoder label                 : ldpc15
SNR (dB)                      : 10.50
Frames simulated              : 5856
Frame errors                  : 120 (target=120)
Bit error rate (BER)          : 4.907e-03
Frame error rate (FER)        : 2.049e-02
Avg LDPC iterations/frame     : 4.35
Avg HW cycles/frame           : 6044.08
Avg HW decode time/frame      : 7.56 µs
HW model (fclk_mhz)            : 800.0 MHz
[VERIFY] Receiver9 decoder=hybairtgsub15 policy=probe_moe_roi_fix selection=ai_tanner_subgraph_roi snapshots=[4]

=== Adaptive HYBRID Monte-Carlo (channel=SIONNA_TDL) ===
Decoder label                 : hybairtgsub15
SNR (dB)                      : 10.50
Frames simulated              : 5976
Final frame errors            : 120 (target=120)
Stage-1 BER                   : 4.936e-03
Stage-1 FER                   : 2.075e-02
Final BER (LDPC+GRAND)        : 4.934e-03
Final FER (LDPC+GRAND)        : 2.008e-02
Avg stage-1 iters/frame       : 4.35
Avg HW time/frame (stage-1)   : 7.56 µs
Avg HW time/frame (GRAND)     : 27.92 µs
Avg HW time/frame (total)     : 35.48 µs

=== Adaptive LDPC-only Monte-Carlo (channel=SIONNA_TDL) ===
Decoder label                 : ldpc15
SNR (dB)                      : 12.50
Frames simulated              : 17180
Frame errors                  : 120 (target=120)
Bit error rate (BER)          : 1.554e-03
Frame error rate (FER)        : 6.985e-03
Avg LDPC iterations/frame     : 3.70
Avg HW cycles/frame           : 5137.10
Avg HW decode time/frame      : 6.42 µs
HW model (fclk_mhz)            : 800.0 MHz
[VERIFY] Receiver9 decoder=hybairtgsub15 policy=probe_moe_roi_fix selection=ai_tanner_subgraph_roi snapshots=[4]

=== Adaptive HYBRID Monte-Carlo (channel=SIONNA_TDL) ===
Decoder label                 : hybairtgsub15
SNR (dB)                      : 12.50
Frames simulated              : 17180
Final frame errors            : 120 (target=120)
Stage-1 BER                   : 1.554e-03
Stage-1 FER                   : 6.985e-03
Final BER (LDPC+GRAND)        : 1.554e-03
Final FER (LDPC+GRAND)        : 6.985e-03
Avg stage-1 iters/frame       : 3.70
Avg HW time/frame (stage-1)   : 6.42 µs
Avg HW time/frame (GRAND)     : 0.74 µs
Avg HW time/frame (total)     : 7.17 µs

=== Adaptive LDPC-only Monte-Carlo (channel=SIONNA_TDL) ===
Decoder label                 : ldpc15
SNR (dB)                      : 9.50
Frames simulated              : 3601
Frame errors                  : 120 (target=120)
Bit error rate (BER)          : 8.690e-03
Frame error rate (FER)        : 3.332e-02
Avg LDPC iterations/frame     : 4.77
Avg HW cycles/frame           : 6631.30
Avg HW decode time/frame      : 8.29 µs
HW model (fclk_mhz)            : 800.0 MHz
[VERIFY] Receiver9 decoder=hybairtgsub15 policy=probe_moe_roi_fix selection=ai_tanner_subgraph_roi snapshots=[4]

=== Adaptive HYBRID Monte-Carlo (channel=SIONNA_TDL) ===
Decoder label                 : hybairtgsub15
SNR (dB)                      : 9.50
Frames simulated              : 3644
Final frame errors            : 120 (target=120)
Stage-1 BER                   : 8.762e-03
Stage-1 FER                   : 3.375e-02
Final BER (LDPC+GRAND)        : 8.760e-03
Final FER (LDPC+GRAND)        : 3.293e-02
Avg stage-1 iters/frame       : 4.77
Avg HW time/frame (stage-1)   : 8.29 µs
Avg HW time/frame (GRAND)     : 43.96 µs
Avg HW time/frame (total)     : 52.25 µs

=== Adaptive LDPC-only Monte-Carlo (channel=SIONNA_TDL) ===
Decoder label                 : ldpc15
SNR (dB)                      : 11.50
Frames simulated              : 11354
Frame errors                  : 120 (target=120)
Bit error rate (BER)          : 2.081e-03
Frame error rate (FER)        : 1.057e-02
Avg LDPC iterations/frame     : 3.97
Avg HW cycles/frame           : 5518.41
Avg HW decode time/frame      : 6.90 µs
HW model (fclk_mhz)            : 800.0 MHz
[VERIFY] Receiver9 decoder=hybairtgsub15 policy=probe_moe_roi_fix selection=ai_tanner_subgraph_roi snapshots=[4]

=== Adaptive HYBRID Monte-Carlo (channel=SIONNA_TDL) ===
Decoder label                 : hybairtgsub15
SNR (dB)                      : 11.50
Frames simulated              : 11354
Final frame errors            : 120 (target=120)
Stage-1 BER                   : 2.081e-03
Stage-1 FER                   : 1.057e-02
Final BER (LDPC+GRAND)        : 2.081e-03
Final FER (LDPC+GRAND)        : 1.057e-02
Avg stage-1 iters/frame       : 3.97
Avg HW time/frame (stage-1)   : 6.90 µs
Avg HW time/frame (GRAND)     : 1.55 µs
Avg HW time/frame (total)     : 8.45 µs

=== Adaptive LDPC-only Monte-Carlo (channel=SIONNA_TDL) ===
Decoder label                 : ldpc15
SNR (dB)                      : 13.00
Frames simulated              : 24204
Frame errors                  : 120 (target=120)
Bit error rate (BER)          : 1.049e-03
Frame error rate (FER)        : 4.958e-03
Avg LDPC iterations/frame     : 3.60
Avg HW cycles/frame           : 5001.45
Avg HW decode time/frame      : 6.25 µs
HW model (fclk_mhz)            : 800.0 MHz
[VERIFY] Receiver9 decoder=hybairtgsub15 policy=probe_moe_roi_fix selection=ai_tanner_subgraph_roi snapshots=[4]

=== Adaptive HYBRID Monte-Carlo (channel=SIONNA_TDL) ===
Decoder label                 : hybairtgsub15
SNR (dB)                      : 13.00
Frames simulated              : 24204
Final frame errors            : 120 (target=120)
Stage-1 BER                   : 1.049e-03
Stage-1 FER                   : 4.958e-03
Final BER (LDPC+GRAND)        : 1.049e-03
Final FER (LDPC+GRAND)        : 4.958e-03
Avg stage-1 iters/frame       : 3.60
Avg HW time/frame (stage-1)   : 6.25 µs
Avg HW time/frame (GRAND)     : 0.53 µs
Avg HW time/frame (total)     : 6.78 µs
