{
  "errors": {},
  "python": "/scratch/rsadve1/venvs/grand5g/bin/python",
  "status": {
    "LDPC5GEncoder_ok": true,
    "TDL_ok": true,
    "pyparsing_ok": true,
    "sionna_ok": true,
    "six_ok": true
  }
}
[SBATCH CONFIG] SNR_SWEEP=7.5,8.0,8.5,9.0,9.5,10.0,10.5,11.0
[SBATCH CONFIG] LDPC_ITERS=15 STAGE1_ITERS=8
[SBATCH CONFIG] CHANNEL=SIONNA_TDL TDL=A DELAY=1.0e-7 SPEED=[0.5,2.0] CFO=20.0 CSI_MODE=block_ls
[SBATCH CONFIG] RUN_RECEIVER9=1 SNAPSHOTS=4,8 APPEND_FINAL=0 GATE=4 policy=probe_moe_roi_fix selection=ai_tanner_trap_roi expected=hybairtrap8 dynamic=1 tiny/full/meta caps=1/2/2
Numba threads: 64
[HW model]  {'fclk_mhz': 800, 'ldpc_edges_per_cycle': 64, 'ldpc_bits_per_cycle_hd': 64, 'ldpc_iter_overhead_cycles': 20, 'grand_edges_per_cycle': 64, 'grand_checks_per_cycle': 64, 'grand_batch_overhead_cycles': 200, 'grand_abs_per_cycle': 64, 'grand_sort_elem_log2_per_cycle': 64, 'grand_cost_add_per_cycle': 64, 'grand_patsort_patlog2_per_cycle': 64, 'cluster_pair_edges_per_cycle': 0}
[RUN_EXPERIMENTS] codes=['sionna5g']  snr_sweep=[7.5, 8.0, 8.5, 9.0, 9.5, 10.0, 10.5, 11.0]  out_dir=results/run_hybair_tg3_target_30789301
[RUN_EXPERIMENTS] mc_cfg=AdaptiveMCConfig(target_frame_errors=120, min_frames=0, max_frames=220000)
Fast decoding structures prepared: 20488 edges
[RUN_EXPERIMENTS] Built code: sionna5g_k1024_n2048_qm1
[run_awgn_sweep_for_code] SNR-parallel ON: n_jobs=4, threads/worker=16, backend=loky
[save_awgn_results] Wrote raw results : results/run_hybair_tg3_target_30789301/sionna_tdl_sionna5g_k1024_n2048_qm1_hybrid_20260331-095948_raw.pkl
[save_awgn_results] Wrote mean summary: results/run_hybair_tg3_target_30789301/sionna_tdl_sionna5g_k1024_n2048_qm1_hybrid_20260331-095948_summary.csv
[save_awgn_results] Wrote tails summary: results/run_hybair_tg3_target_30789301/sionna_tdl_sionna5g_k1024_n2048_qm1_hybrid_20260331-095948_summary_tails.csv

=== Adaptive LDPC-only Monte-Carlo (channel=SIONNA_TDL) ===
Decoder label                 : ldpc15
SNR (dB)                      : 8.00
Frames simulated              : 885
Frame errors                  : 120 (target=120)
Bit error rate (BER)          : 3.901e-02
Frame error rate (FER)        : 1.356e-01
Avg LDPC iterations/frame     : 6.10
Avg HW cycles/frame           : 8521.92
Avg HW decode time/frame      : 10.65 µs
HW model (fclk_mhz)            : 800.0 MHz
[VERIFY] Receiver9 decoder=hybairtrap8 policy=probe_moe_roi_fix selection=ai_tanner_trap_roi snapshots=[4, 8]

=== Adaptive HYBRID Monte-Carlo (channel=SIONNA_TDL) ===
Decoder label                 : hybairtrap8
SNR (dB)                      : 8.00
Frames simulated              : 690
Final frame errors            : 120 (target=120)
Stage-1 BER                   : 4.250e-02
Stage-1 FER                   : 1.971e-01
Final BER (LDPC+GRAND)        : 4.223e-02
Final FER (LDPC+GRAND)        : 1.739e-01
Avg stage-1 iters/frame       : 4.98
Avg HW time/frame (stage-1)   : 8.73 µs
Avg HW time/frame (GRAND)     : 35.42 µs
Avg HW time/frame (total)     : 44.15 µs

=== Adaptive LDPC-only Monte-Carlo (channel=SIONNA_TDL) ===
Decoder label                 : ldpc15
SNR (dB)                      : 10.50
Frames simulated              : 3296
Frame errors                  : 120 (target=120)
Bit error rate (BER)          : 9.642e-03
Frame error rate (FER)        : 3.641e-02
Avg LDPC iterations/frame     : 4.58
Avg HW cycles/frame           : 6373.86
Avg HW decode time/frame      : 7.97 µs
HW model (fclk_mhz)            : 800.0 MHz
[VERIFY] Receiver9 decoder=hybairtrap8 policy=probe_moe_roi_fix selection=ai_tanner_trap_roi snapshots=[4, 8]

=== Adaptive HYBRID Monte-Carlo (channel=SIONNA_TDL) ===
Decoder label                 : hybairtrap8
SNR (dB)                      : 10.50
Frames simulated              : 1494
Final frame errors            : 120 (target=120)
Stage-1 BER                   : 1.300e-02
Stage-1 FER                   : 8.768e-02
Final BER (LDPC+GRAND)        : 1.286e-02
Final FER (LDPC+GRAND)        : 8.032e-02
Avg stage-1 iters/frame       : 4.23
Avg HW time/frame (stage-1)   : 7.37 µs
Avg HW time/frame (GRAND)     : 10.55 µs
Avg HW time/frame (total)     : 17.92 µs

=== Adaptive LDPC-only Monte-Carlo (channel=SIONNA_TDL) ===
Decoder label                 : ldpc15
SNR (dB)                      : 7.50
Frames simulated              : 829
Frame errors                  : 120 (target=120)
Bit error rate (BER)          : 4.411e-02
Frame error rate (FER)        : 1.448e-01
Avg LDPC iterations/frame     : 6.35
Avg HW cycles/frame           : 8863.01
Avg HW decode time/frame      : 11.08 µs
HW model (fclk_mhz)            : 800.0 MHz
[VERIFY] Receiver9 decoder=hybairtrap8 policy=probe_moe_roi_fix selection=ai_tanner_trap_roi snapshots=[4, 8]

=== Adaptive HYBRID Monte-Carlo (channel=SIONNA_TDL) ===
Decoder label                 : hybairtrap8
SNR (dB)                      : 7.50
Frames simulated              : 580
Final frame errors            : 120 (target=120)
Stage-1 BER                   : 4.986e-02
Stage-1 FER                   : 2.155e-01
Final BER (LDPC+GRAND)        : 4.971e-02
Final FER (LDPC+GRAND)        : 2.069e-01
Avg stage-1 iters/frame       : 5.09
Avg HW time/frame (stage-1)   : 8.93 µs
Avg HW time/frame (GRAND)     : 41.86 µs
Avg HW time/frame (total)     : 50.79 µs

=== Adaptive LDPC-only Monte-Carlo (channel=SIONNA_TDL) ===
Decoder label                 : ldpc15
SNR (dB)                      : 10.00
Frames simulated              : 2399
Frame errors                  : 120 (target=120)
Bit error rate (BER)          : 1.330e-02
Frame error rate (FER)        : 5.002e-02
Avg LDPC iterations/frame     : 4.78
Avg HW cycles/frame           : 6654.19
Avg HW decode time/frame      : 8.32 µs
HW model (fclk_mhz)            : 800.0 MHz
[VERIFY] Receiver9 decoder=hybairtrap8 policy=probe_moe_roi_fix selection=ai_tanner_trap_roi snapshots=[4, 8]

=== Adaptive HYBRID Monte-Carlo (channel=SIONNA_TDL) ===
Decoder label                 : hybairtrap8
SNR (dB)                      : 10.00
Frames simulated              : 1311
Final frame errors            : 120 (target=120)
Stage-1 BER                   : 1.650e-02
Stage-1 FER                   : 9.764e-02
Final BER (LDPC+GRAND)        : 1.648e-02
Final FER (LDPC+GRAND)        : 9.153e-02
Avg stage-1 iters/frame       : 4.34
Avg HW time/frame (stage-1)   : 7.58 µs
Avg HW time/frame (GRAND)     : 14.32 µs
Avg HW time/frame (total)     : 21.90 µs

=== Adaptive LDPC-only Monte-Carlo (channel=SIONNA_TDL) ===
Decoder label                 : ldpc15
SNR (dB)                      : 9.00
Frames simulated              : 1432
Frame errors                  : 120 (target=120)
Bit error rate (BER)          : 2.378e-02
Frame error rate (FER)        : 8.380e-02
Avg LDPC iterations/frame     : 5.42
Avg HW cycles/frame           : 7560.67
Avg HW decode time/frame      : 9.45 µs
HW model (fclk_mhz)            : 800.0 MHz
[VERIFY] Receiver9 decoder=hybairtrap8 policy=probe_moe_roi_fix selection=ai_tanner_trap_roi snapshots=[4, 8]

=== Adaptive HYBRID Monte-Carlo (channel=SIONNA_TDL) ===
Decoder label                 : hybairtrap8
SNR (dB)                      : 9.00
Frames simulated              : 970
Final frame errors            : 120 (target=120)
Stage-1 BER                   : 2.806e-02
Stage-1 FER                   : 1.464e-01
Final BER (LDPC+GRAND)        : 2.796e-02
Final FER (LDPC+GRAND)        : 1.237e-01
Avg stage-1 iters/frame       : 4.64
Avg HW time/frame (stage-1)   : 8.11 µs
Avg HW time/frame (GRAND)     : 18.94 µs
Avg HW time/frame (total)     : 27.05 µs

=== Adaptive LDPC-only Monte-Carlo (channel=SIONNA_TDL) ===
Decoder label                 : ldpc15
SNR (dB)                      : 11.00
Frames simulated              : 3954
Frame errors                  : 120 (target=120)
Bit error rate (BER)          : 8.311e-03
Frame error rate (FER)        : 3.035e-02
Avg LDPC iterations/frame     : 4.39
Avg HW cycles/frame           : 6103.92
Avg HW decode time/frame      : 7.63 µs
HW model (fclk_mhz)            : 800.0 MHz
[VERIFY] Receiver9 decoder=hybairtrap8 policy=probe_moe_roi_fix selection=ai_tanner_trap_roi snapshots=[4, 8]

=== Adaptive HYBRID Monte-Carlo (channel=SIONNA_TDL) ===
Decoder label                 : hybairtrap8
SNR (dB)                      : 11.00
Frames simulated              : 1972
Final frame errors            : 120 (target=120)
Stage-1 BER                   : 9.739e-03
Stage-1 FER                   : 6.744e-02
Final BER (LDPC+GRAND)        : 9.634e-03
Final FER (LDPC+GRAND)        : 6.085e-02
Avg stage-1 iters/frame       : 4.09
Avg HW time/frame (stage-1)   : 7.13 µs
Avg HW time/frame (GRAND)     : 8.33 µs
Avg HW time/frame (total)     : 15.46 µs

=== Adaptive LDPC-only Monte-Carlo (channel=SIONNA_TDL) ===
Decoder label                 : ldpc15
SNR (dB)                      : 8.50
Frames simulated              : 1127
Frame errors                  : 120 (target=120)
Bit error rate (BER)          : 3.167e-02
Frame error rate (FER)        : 1.065e-01
Avg LDPC iterations/frame     : 5.70
Avg HW cycles/frame           : 7952.83
Avg HW decode time/frame      : 9.94 µs
HW model (fclk_mhz)            : 800.0 MHz
[VERIFY] Receiver9 decoder=hybairtrap8 policy=probe_moe_roi_fix selection=ai_tanner_trap_roi snapshots=[4, 8]

=== Adaptive HYBRID Monte-Carlo (channel=SIONNA_TDL) ===
Decoder label                 : hybairtrap8
SNR (dB)                      : 8.50
Frames simulated              : 776
Final frame errors            : 120 (target=120)
Stage-1 BER                   : 3.749e-02
Stage-1 FER                   : 1.675e-01
Final BER (LDPC+GRAND)        : 3.729e-02
Final FER (LDPC+GRAND)        : 1.546e-01
Avg stage-1 iters/frame       : 4.77
Avg HW time/frame (stage-1)   : 8.34 µs
Avg HW time/frame (GRAND)     : 27.22 µs
Avg HW time/frame (total)     : 35.56 µs

=== Adaptive LDPC-only Monte-Carlo (channel=SIONNA_TDL) ===
Decoder label                 : ldpc15
SNR (dB)                      : 9.50
Frames simulated              : 2139
Frame errors                  : 120 (target=120)
Bit error rate (BER)          : 1.497e-02
Frame error rate (FER)        : 5.610e-02
Avg LDPC iterations/frame     : 5.01
Avg HW cycles/frame           : 6970.80
Avg HW decode time/frame      : 8.71 µs
HW model (fclk_mhz)            : 800.0 MHz
[VERIFY] Receiver9 decoder=hybairtrap8 policy=probe_moe_roi_fix selection=ai_tanner_trap_roi snapshots=[4, 8]

=== Adaptive HYBRID Monte-Carlo (channel=SIONNA_TDL) ===
Decoder label                 : hybairtrap8
SNR (dB)                      : 9.50
Frames simulated              : 1187
Final frame errors            : 120 (target=120)
Stage-1 BER                   : 2.009e-02
Stage-1 FER                   : 1.112e-01
Final BER (LDPC+GRAND)        : 1.989e-02
Final FER (LDPC+GRAND)        : 1.011e-01
Avg stage-1 iters/frame       : 4.51
Avg HW time/frame (stage-1)   : 7.87 µs
Avg HW time/frame (GRAND)     : 16.19 µs
Avg HW time/frame (total)     : 24.06 µs
